Archive member included to satisfy reference by file (symbol)

c:/program files (x86)/atmel/studio/7.0/toolchain/avr8/avr8-gnu-toolchain/bin/../lib/gcc/avr/4.9.2/../../../../avr/lib/avr5\libprintf_flt.a(vfprintf_flt.o)
                              (vfprintf)
c:/program files (x86)/atmel/studio/7.0/toolchain/avr8/avr8-gnu-toolchain/bin/../lib/gcc/avr/4.9.2/../../../../avr/lib/avr5\libscanf_flt.a(vfscanf_flt.o)
                              (vfscanf)
c:/program files (x86)/atmel/studio/7.0/toolchain/avr8/avr8-gnu-toolchain/bin/../lib/gcc/avr/4.9.2/avr5\libgcc.a(_udivmodqi4.o)
                              df4iah_fw_main.o (__udivmodqi4)
c:/program files (x86)/atmel/studio/7.0/toolchain/avr8/avr8-gnu-toolchain/bin/../lib/gcc/avr/4.9.2/avr5\libgcc.a(_udivmodhi4.o)
                              df4iah_fw_usb.o (__udivmodhi4)
c:/program files (x86)/atmel/studio/7.0/toolchain/avr8/avr8-gnu-toolchain/bin/../lib/gcc/avr/4.9.2/avr5\libgcc.a(_udivmodsi4.o)
                              df4iah_fw_serial.o (__udivmodsi4)
c:/program files (x86)/atmel/studio/7.0/toolchain/avr8/avr8-gnu-toolchain/bin/../lib/gcc/avr/4.9.2/avr5\libgcc.a(_divmodsi4.o)
                              df4iah_fw_main.o (__divmodsi4)
c:/program files (x86)/atmel/studio/7.0/toolchain/avr8/avr8-gnu-toolchain/bin/../lib/gcc/avr/4.9.2/avr5\libgcc.a(_negsi2.o)
                              c:/program files (x86)/atmel/studio/7.0/toolchain/avr8/avr8-gnu-toolchain/bin/../lib/gcc/avr/4.9.2/avr5\libgcc.a(_divmodsi4.o) (__negsi2)
c:/program files (x86)/atmel/studio/7.0/toolchain/avr8/avr8-gnu-toolchain/bin/../lib/gcc/avr/4.9.2/avr5\libgcc.a(_exit.o)
                              C:/Program Files (x86)/Atmel/Studio/7.0/Packs/atmel/ATmega_DFP/1.1.130/gcc/dev/atmega328p/avr5/crtatmega328p.o (exit)
c:/program files (x86)/atmel/studio/7.0/toolchain/avr8/avr8-gnu-toolchain/bin/../lib/gcc/avr/4.9.2/avr5\libgcc.a(_tablejump2.o)
                              df4iah_fw_main.o (__tablejump2__)
c:/program files (x86)/atmel/studio/7.0/toolchain/avr8/avr8-gnu-toolchain/bin/../lib/gcc/avr/4.9.2/avr5\libgcc.a(_copy_data.o)
                              df4iah_fw_main.o (__do_copy_data)
c:/program files (x86)/atmel/studio/7.0/toolchain/avr8/avr8-gnu-toolchain/bin/../lib/gcc/avr/4.9.2/avr5\libgcc.a(_clear_bss.o)
                              df4iah_fw_main.o (__do_clear_bss)
c:/program files (x86)/atmel/studio/7.0/toolchain/avr8/avr8-gnu-toolchain/bin/../lib/gcc/avr/4.9.2/avr5\libgcc.a(_muluhisi3.o)
                              df4iah_fw_main.o (__muluhisi3)
c:/program files (x86)/atmel/studio/7.0/toolchain/avr8/avr8-gnu-toolchain/bin/../lib/gcc/avr/4.9.2/avr5\libgcc.a(_prologue.o)
                              c:/program files (x86)/atmel/studio/7.0/toolchain/avr8/avr8-gnu-toolchain/bin/../lib/gcc/avr/4.9.2/../../../../avr/lib/avr5\libprintf_flt.a(vfprintf_flt.o) (__prologue_saves__)
c:/program files (x86)/atmel/studio/7.0/toolchain/avr8/avr8-gnu-toolchain/bin/../lib/gcc/avr/4.9.2/avr5\libgcc.a(_epilogue.o)
                              c:/program files (x86)/atmel/studio/7.0/toolchain/avr8/avr8-gnu-toolchain/bin/../lib/gcc/avr/4.9.2/../../../../avr/lib/avr5\libprintf_flt.a(vfprintf_flt.o) (__epilogue_restores__)
c:/program files (x86)/atmel/studio/7.0/toolchain/avr8/avr8-gnu-toolchain/bin/../lib/gcc/avr/4.9.2/avr5\libgcc.a(_umulhisi3.o)
                              c:/program files (x86)/atmel/studio/7.0/toolchain/avr8/avr8-gnu-toolchain/bin/../lib/gcc/avr/4.9.2/avr5\libgcc.a(_muluhisi3.o) (__umulhisi3)
c:/program files (x86)/atmel/studio/7.0/toolchain/avr8/avr8-gnu-toolchain/bin/../lib/gcc/avr/4.9.2/../../../../avr/lib/avr5\libm.a(addsf3.o)
                              df4iah_fw_main.o (__subsf3)
c:/program files (x86)/atmel/studio/7.0/toolchain/avr8/avr8-gnu-toolchain/bin/../lib/gcc/avr/4.9.2/../../../../avr/lib/avr5\libm.a(addsf3x.o)
                              c:/program files (x86)/atmel/studio/7.0/toolchain/avr8/avr8-gnu-toolchain/bin/../lib/gcc/avr/4.9.2/../../../../avr/lib/avr5\libm.a(addsf3.o) (__addsf3x)
c:/program files (x86)/atmel/studio/7.0/toolchain/avr8/avr8-gnu-toolchain/bin/../lib/gcc/avr/4.9.2/../../../../avr/lib/avr5\libm.a(cmpsf2.o)
                              df4iah_fw_main.o (__nesf2)
c:/program files (x86)/atmel/studio/7.0/toolchain/avr8/avr8-gnu-toolchain/bin/../lib/gcc/avr/4.9.2/../../../../avr/lib/avr5\libm.a(divsf3.o)
                              df4iah_fw_main.o (__divsf3)
c:/program files (x86)/atmel/studio/7.0/toolchain/avr8/avr8-gnu-toolchain/bin/../lib/gcc/avr/4.9.2/../../../../avr/lib/avr5\libm.a(divsf3x.o)
                              c:/program files (x86)/atmel/studio/7.0/toolchain/avr8/avr8-gnu-toolchain/bin/../lib/gcc/avr/4.9.2/../../../../avr/lib/avr5\libm.a(divsf3.o) (__divsf3x)
c:/program files (x86)/atmel/studio/7.0/toolchain/avr8/avr8-gnu-toolchain/bin/../lib/gcc/avr/4.9.2/../../../../avr/lib/avr5\libm.a(fixunssfsi.o)
                              df4iah_fw_main.o (__fixunssfsi)
[...]
Memory Configuration

Name             Origin             Length             Attributes
text             0x00000000         0x00020000         xr
data             0x00800060         0x0000ffa0         rw !x
eeprom           0x00810000         0x00010000         rw !x
fuse             0x00820000         0x00000003         rw !x
lock             0x00830000         0x00000400         rw !x
signature        0x00840000         0x00000400         rw !x
user_signatures  0x00850000         0x00000400         rw !x
*default*        0x00000000         0xffffffff

Linker script and memory map

Address of section .data set to 0x800100
LOAD C:/Program Files (x86)/Atmel/Studio/7.0/Packs/atmel/ATmega_DFP/1.1.130/gcc/dev/atmega328p/avr5/crtatmega328p.o
LOAD df4iah_bl_memory.o
LOAD df4iah_fw_anlgComp.o
LOAD df4iah_fw_clkFastCtr.o
LOAD df4iah_fw_clkPullPwm.o
LOAD df4iah_fw_main.o
LOAD df4iah_fw_memory.o
LOAD df4iah_fw_ringbuffer.o
LOAD df4iah_fw_serial.o
LOAD df4iah_fw_twi.o
LOAD df4iah_fw_twi_mcp23017.o
LOAD df4iah_fw_twi_mcp23017_av1624.o
LOAD df4iah_fw_twi_smart_lcd.o
LOAD df4iah_fw_usb.o
LOAD usbdrv_fw/oddebug.o
LOAD usbdrv_fw/usbdrv.o
LOAD usbdrv_fw/usbdrvasm.o
START GROUP
LOAD c:/program files (x86)/atmel/studio/7.0/toolchain/avr8/avr8-gnu-toolchain/bin/../lib/gcc/avr/4.9.2/../../../../avr/lib/avr5\libprintf_flt.a
LOAD c:/program files (x86)/atmel/studio/7.0/toolchain/avr8/avr8-gnu-toolchain/bin/../lib/gcc/avr/4.9.2/../../../../avr/lib/avr5\libscanf_flt.a
END GROUP
Address of section .df4iah_bl_memory set to 0x7900
START GROUP
LOAD c:/program files (x86)/atmel/studio/7.0/toolchain/avr8/avr8-gnu-toolchain/bin/../lib/gcc/avr/4.9.2/avr5\libgcc.a
LOAD c:/program files (x86)/atmel/studio/7.0/toolchain/avr8/avr8-gnu-toolchain/bin/../lib/gcc/avr/4.9.2/../../../../avr/lib/avr5\libm.a
LOAD c:/program files (x86)/atmel/studio/7.0/toolchain/avr8/avr8-gnu-toolchain/bin/../lib/gcc/avr/4.9.2/../../../../avr/lib/avr5\libc.a
LOAD C:/Program Files (x86)/Atmel/Studio/7.0/Packs/atmel/ATmega_DFP/1.1.130/gcc/dev/atmega328p/avr5\libatmega328p.a
END GROUP
                0x00020000                __TEXT_REGION_LENGTH__ = DEFINED (__TEXT_REGION_LENGTH__)?__TEXT_REGION_LENGTH__:0x20000
                0x0000ffa0                __DATA_REGION_LENGTH__ = DEFINED (__DATA_REGION_LENGTH__)?__DATA_REGION_LENGTH__:0xffa0
                0x00010000                __EEPROM_REGION_LENGTH__ = DEFINED (__EEPROM_REGION_LENGTH__)?__EEPROM_REGION_LENGTH__:0x10000
                [0x00000003]                __FUSE_REGION_LENGTH__ = DEFINED (__FUSE_REGION_LENGTH__)?__FUSE_REGION_LENGTH__:0x400
                0x00000400                __LOCK_REGION_LENGTH__ = DEFINED (__LOCK_REGION_LENGTH__)?__LOCK_REGION_LENGTH__:0x400
                0x00000400                __SIGNATURE_REGION_LENGTH__ = DEFINED (__SIGNATURE_REGION_LENGTH__)?__SIGNATURE_REGION_LENGTH__:0x400
                0x00000400                __USER_SIGNATURE_REGION_LENGTH__ = DEFINED (__USER_SIGNATURE_REGION_LENGTH__)?__USER_SIGNATURE_REGION_LENGTH__:0x400

.hash
 *(.hash)

.dynsym
 *(.dynsym)

.dynstr
 *(.dynstr)

.gnu.version
 *(.gnu.version)

.gnu.version_d
 *(.gnu.version_d)

.gnu.version_r
 *(.gnu.version_r)

.rel.init
 *(.rel.init)

.rela.init
 *(.rela.init)

.rel.text
 *(.rel.text)
 *(.rel.text.*)
 *(.rel.gnu.linkonce.t*)

.rela.text
 *(.rela.text)
 *(.rela.text.*)
 *(.rela.gnu.linkonce.t*)

.rel.fini
 *(.rel.fini)

.rela.fini
 *(.rela.fini)

.rel.rodata
 *(.rel.rodata)
 *(.rel.rodata.*)
 *(.rel.gnu.linkonce.r*)

.rela.rodata
 *(.rela.rodata)
 *(.rela.rodata.*)
 *(.rela.gnu.linkonce.r*)

.rel.data
 *(.rel.data)
 *(.rel.data.*)
 *(.rel.gnu.linkonce.d*)

.rela.data
 *(.rela.data)
 *(.rela.data.*)
 *(.rela.gnu.linkonce.d*)

.rel.ctors
 *(.rel.ctors)

.rela.ctors
 *(.rela.ctors)

.rel.dtors
 *(.rel.dtors)

.rela.dtors
 *(.rela.dtors)

.rel.got
 *(.rel.got)

.rela.got
 *(.rela.got)

.rel.bss
 *(.rel.bss)

.rela.bss
 *(.rela.bss)

.rel.plt
 *(.rel.plt)

.rela.plt
 *(.rela.plt)

.text           0x00000000     0x70f2
 *(.vectors)
 .vectors       0x00000000       0x68 C:/Program Files (x86)/Atmel/Studio/7.0/Packs/atmel/ATmega_DFP/1.1.130/gcc/dev/atmega328p/avr5/crtatmega328p.o
                0x00000000                __vector_default
                0x00000000                __vectors
 *(.vectors)
 *(.progmem.gcc*)
 .progmem.gcc_sw_table.main_fw_giveAway
                0x00000068       0x1a df4iah_fw_main.o
 .progmem.gcc_sw_table.__vector_24
                0x00000082        0xe df4iah_fw_twi.o
 .progmem.gcc_fplib
                0x00000090       0x28 c:/program files (x86)/atmel/studio/7.0/toolchain/avr8/avr8-gnu-toolchain/bin/../lib/gcc/avr/4.9.2/../../../../avr/lib/avr5\libm.a(exp.o)
 .progmem.gcc_fplib
                0x000000b8       0x5a c:/program files (x86)/atmel/studio/7.0/toolchain/avr8/avr8-gnu-toolchain/bin/../lib/gcc/avr/4.9.2/../../../../avr/lib/avr5\libm.a(log.o)
                0x00000112                . = ALIGN (0x2)
                0x00000112                __trampolines_start = .
 *(.trampolines)
 .trampolines   0x00000112        0x0 linker stubs
 *(.trampolines*)
                0x00000112                __trampolines_end = .
 *libprintf_flt.a:*(.progmem.data)
 .progmem.data  0x00000112        0x8 c:/program files (x86)/atmel/studio/7.0/toolchain/avr8/avr8-gnu-toolchain/bin/../lib/gcc/avr/4.9.2/../../../../avr/lib/avr5\libprintf_flt.a(vfprintf_flt.o)
 *libc.a:*(.progmem.data)
 .progmem.data  0x0000011a       0xfa c:/program files (x86)/atmel/studio/7.0/toolchain/avr8/avr8-gnu-toolchain/bin/../lib/gcc/avr/4.9.2/../../../../avr/lib/avr5\libc.a(ftoa_engine.o)
 *(.progmem*)
 .progmem.data.PM_PARSE_NMEA_MSG41
                0x00000214       0x11 df4iah_fw_main.o
                0x00000214                PM_PARSE_NMEA_MSG41
 .progmem.data.PM_PARSE_NMEA_MSG31
                0x00000225       0x11 df4iah_fw_main.o
                0x00000225                PM_PARSE_NMEA_MSG31
 .progmem.data.PM_PARSE_NMEA_MSG21
                0x00000236       0x33 df4iah_fw_main.o
                0x00000236                PM_PARSE_NMEA_MSG21
 .progmem.data.PM_PARSE_NMEA_MSG12
                0x00000269        0xc df4iah_fw_main.o
                0x00000269                PM_PARSE_NMEA_MSG12
 .progmem.data.PM_PARSE_NMEA_MSG11
                0x00000275        0xf df4iah_fw_main.o
                0x00000275                PM_PARSE_NMEA_MSG11
 .progmem.data.PM_PARSE_NMEA_MSG01
                0x00000284       0x3d df4iah_fw_main.o
                0x00000284                PM_PARSE_NMEA_MSG01
 .progmem.data.PM_FORMAT_SET_BAUD
                0x000002c1       0x2a df4iah_fw_main.o
                0x000002c1                PM_FORMAT_SET_BAUD
 .progmem.data.PM_FORMAT_GPIB_SCM_IDN
                0x000002eb       0x1c df4iah_fw_main.o
                0x000002eb                PM_FORMAT_GPIB_SCM_IDN
 .progmem.data.PM_FORMAT_SC02
                0x00000307       0x3d df4iah_fw_main.o
                0x00000307                PM_FORMAT_SC02
 .progmem.data.PM_FORMAT_SC01
                0x00000344       0x45 df4iah_fw_main.o
                0x00000344                PM_FORMAT_SC01
 .progmem.data.PM_FORMAT_LC23
                0x00000389       0x13 df4iah_fw_main.o
                0x00000389                PM_FORMAT_LC23
 .progmem.data.PM_FORMAT_LC22
                0x0000039c       0x20 df4iah_fw_main.o
                0x0000039c                PM_FORMAT_LC22
 .progmem.data.PM_FORMAT_LC21
                0x000003bc       0x1c df4iah_fw_main.o
                0x000003bc                PM_FORMAT_LC21
 .progmem.data.PM_FORMAT_LC12
                0x000003d8       0x18 df4iah_fw_main.o
                0x000003d8                PM_FORMAT_LC12
 .progmem.data.PM_FORMAT_LC11
                0x000003f0       0x18 df4iah_fw_main.o
                0x000003f0                PM_FORMAT_LC11
 .progmem.data.PM_FORMAT_LC02
                0x00000408       0x11 df4iah_fw_main.o
                0x00000408                PM_FORMAT_LC02
 .progmem.data.PM_FORMAT_LC01
                0x00000419       0x11 df4iah_fw_main.o
                0x00000419                PM_FORMAT_LC01
 .progmem.data.PM_FORMAT_IA12
                0x0000042a       0x30 df4iah_fw_main.o
                0x0000042a                PM_FORMAT_IA12
 .progmem.data.PM_FORMAT_IA11
                0x0000045a       0x60 df4iah_fw_main.o
                0x0000045a                PM_FORMAT_IA11
 .progmem.data.PM_FORMAT_IA03
                0x000004ba       0x41 df4iah_fw_main.o
                0x000004ba                PM_FORMAT_IA03
 .progmem.data.PM_FORMAT_IA02
                0x000004fb       0x68 df4iah_fw_main.o
                0x000004fb                PM_FORMAT_IA02
 .progmem.data.PM_FORMAT_IA01
                0x00000563       0x3a df4iah_fw_main.o
                0x00000563                PM_FORMAT_IA01
 .progmem.data.PM_FORMAT_ID02
                0x0000059d       0x66 df4iah_fw_main.o
                0x0000059d                PM_FORMAT_ID02
 .progmem.data.PM_FORMAT_ID01
                0x00000603       0x66 df4iah_fw_main.o
                0x00000603                PM_FORMAT_ID01
 .progmem.data.PM_FORMAT_TA14
                0x00000669       0x20 df4iah_fw_main.o
                0x00000669                PM_FORMAT_TA14
 .progmem.data.PM_FORMAT_TA13
                0x00000689       0x24 df4iah_fw_main.o
                0x00000689                PM_FORMAT_TA13
 .progmem.data.PM_FORMAT_TA12
                0x000006ad       0x74 df4iah_fw_main.o
                0x000006ad                PM_FORMAT_TA12
 .progmem.data.PM_FORMAT_TA11
                0x00000721       0x38 df4iah_fw_main.o
                0x00000721                PM_FORMAT_TA11
 .progmem.data.PM_FORMAT_TA03
                0x00000759       0x1d df4iah_fw_main.o
                0x00000759                PM_FORMAT_TA03
 .progmem.data.PM_FORMAT_TA02
                0x00000776       0x1d df4iah_fw_main.o
                0x00000776                PM_FORMAT_TA02
 .progmem.data.PM_FORMAT_TA01
                0x00000793       0x1d df4iah_fw_main.o
                0x00000793                PM_FORMAT_TA01
 .progmem.data.PM_FORMAT_GP05
                0x000007b0       0x3b df4iah_fw_main.o
                0x000007b0                PM_FORMAT_GP05
 .progmem.data.PM_FORMAT_GP04
                0x000007eb       0x2f df4iah_fw_main.o
                0x000007eb                PM_FORMAT_GP04
 .progmem.data.PM_FORMAT_GP03
                0x0000081a       0x53 df4iah_fw_main.o
                0x0000081a                PM_FORMAT_GP03
 .progmem.data.PM_FORMAT_GP02
                0x0000086d       0x25 df4iah_fw_main.o
                0x0000086d                PM_FORMAT_GP02
 .progmem.data.PM_FORMAT_GP01
                0x00000892       0x28 df4iah_fw_main.o
                0x00000892                PM_FORMAT_GP01
 .progmem.data.PM_FORMAT_GP00
                0x000008ba       0x10 df4iah_fw_main.o
                0x000008ba                PM_FORMAT_GP00
 .progmem.data.PM_FORMAT_GPS_WEST1_EAST1
                0x000008ca       0x12 df4iah_fw_main.o
                0x000008ca                PM_FORMAT_GPS_WEST1_EAST1
 .progmem.data.PM_FORMAT_GPS_WEST1_EAST0
                0x000008dc       0x12 df4iah_fw_main.o
                0x000008dc                PM_FORMAT_GPS_WEST1_EAST0
 .progmem.data.PM_FORMAT_GPS_WEST0_EAST0
                0x000008ee       0x12 df4iah_fw_main.o
                0x000008ee                PM_FORMAT_GPS_WEST0_EAST0
 .progmem.data.PM_FORMAT_GPS_STBY
                0x00000900       0x10 df4iah_fw_main.o
                0x00000900                PM_FORMAT_GPS_STBY
 .progmem.data.PM_FORMAT_GPS_WARM_RESTART
                0x00000910        0xe df4iah_fw_main.o
                0x00000910                PM_FORMAT_GPS_WARM_RESTART
 .progmem.data.PM_FORMAT_VERSION
                0x0000091e       0x42 df4iah_fw_main.o
                0x0000091e                PM_FORMAT_VERSION
 .progmem.data.PM_INTERPRETER_UNKNOWN
                0x00000960       0x31 df4iah_fw_main.o
                0x00000960                PM_INTERPRETER_UNKNOWN
 .progmem.data.PM_INTERPRETER_HELP14
                0x00000991        0xf df4iah_fw_main.o
                0x00000991                PM_INTERPRETER_HELP14
 .progmem.data.PM_INTERPRETER_HELP13
                0x000009a0       0x30 df4iah_fw_main.o
                0x000009a0                PM_INTERPRETER_HELP13
 .progmem.data.PM_INTERPRETER_HELP12
                0x000009d0       0x74 df4iah_fw_main.o
                0x000009d0                PM_INTERPRETER_HELP12
 .progmem.data.PM_INTERPRETER_HELP11
                0x00000a44       0x1f df4iah_fw_main.o
                0x00000a44                PM_INTERPRETER_HELP11
 .progmem.data.PM_INTERPRETER_HELP10
                0x00000a63       0x28 df4iah_fw_main.o
                0x00000a63                PM_INTERPRETER_HELP10
 .progmem.data.PM_INTERPRETER_HELP09
                0x00000a8b       0x55 df4iah_fw_main.o
                0x00000a8b                PM_INTERPRETER_HELP09
 .progmem.data.PM_INTERPRETER_HELP08
                0x00000ae0       0x2c df4iah_fw_main.o
                0x00000ae0                PM_INTERPRETER_HELP08
 .progmem.data.PM_INTERPRETER_HELP07
                0x00000b0c       0x3f df4iah_fw_main.o
                0x00000b0c                PM_INTERPRETER_HELP07
 .progmem.data.PM_INTERPRETER_HELP06
                0x00000b4b       0x2b df4iah_fw_main.o
                0x00000b4b                PM_INTERPRETER_HELP06
 .progmem.data.PM_INTERPRETER_HELP05
                0x00000b76       0x17 df4iah_fw_main.o
                0x00000b76                PM_INTERPRETER_HELP05
 .progmem.data.PM_INTERPRETER_HELP04
                0x00000b8d       0x2e df4iah_fw_main.o
                0x00000b8d                PM_INTERPRETER_HELP04
 .progmem.data.PM_INTERPRETER_HELP03
                0x00000bbb       0x67 df4iah_fw_main.o
                0x00000bbb                PM_INTERPRETER_HELP03
 .progmem.data.PM_INTERPRETER_HELP02
                0x00000c22       0x6f df4iah_fw_main.o
                0x00000c22                PM_INTERPRETER_HELP02
 .progmem.data.PM_INTERPRETER_HELP01
                0x00000c91       0x42 df4iah_fw_main.o
                0x00000c91                PM_INTERPRETER_HELP01
 .progmem.data.PM_GPIB_SCM_IDN
                0x00000cd3        0x6 df4iah_fw_main.o
                0x00000cd3                PM_GPIB_SCM_IDN
 .progmem.data.PM_COMMAND_WRITETEMP
                0x00000cd9        0xa df4iah_fw_main.o
                0x00000cd9                PM_COMMAND_WRITETEMP
 .progmem.data.PM_COMMAND_WRITEPWM
                0x00000ce3        0x9 df4iah_fw_main.o
                0x00000ce3                PM_COMMAND_WRITEPWM
 .progmem.data.PM_COMMAND_TEST
                0x00000cec        0x5 df4iah_fw_main.o
                0x00000cec                PM_COMMAND_TEST
 .progmem.data.PM_COMMAND_STACK
                0x00000cf1        0x6 df4iah_fw_main.o
                0x00000cf1                PM_COMMAND_STACK
 .progmem.data.PM_COMMAND_SERON
                0x00000cf7        0x6 df4iah_fw_main.o
                0x00000cf7                PM_COMMAND_SERON
 .progmem.data.PM_COMMAND_SEROFF
                0x00000cfd        0x7 df4iah_fw_main.o
                0x00000cfd                PM_COMMAND_SEROFF
 .progmem.data.PM_COMMAND_SERBAUD
                0x00000d04        0x8 df4iah_fw_main.o
                0x00000d04                PM_COMMAND_SERBAUD
 .progmem.data.PM_COMMAND_LEDON
                0x00000d0c        0x6 df4iah_fw_main.o
                0x00000d0c                PM_COMMAND_LEDON
 .progmem.data.PM_COMMAND_LEDOFF
                0x00000d12        0x7 df4iah_fw_main.o
                0x00000d12                PM_COMMAND_LEDOFF
 .progmem.data.PM_COMMAND_INFO
                0x00000d19        0x5 df4iah_fw_main.o
                0x00000d19                PM_COMMAND_INFO
 .progmem.data.PM_COMMAND_HELP
                0x00000d1e        0x5 df4iah_fw_main.o
                0x00000d1e                PM_COMMAND_HELP
 .progmem.data.PM_COMMAND_HALT
                0x00000d23        0x5 df4iah_fw_main.o
                0x00000d23                PM_COMMAND_HALT
 .progmem.data.PM_COMMAND_APCON
                0x00000d28        0x6 df4iah_fw_main.o
                0x00000d28                PM_COMMAND_APCON
 .progmem.data.PM_COMMAND_APCOFF
                0x00000d2e        0x7 df4iah_fw_main.o
                0x00000d2e                PM_COMMAND_APCOFF
 .progmem.data.PM_COMMAND_AFCON
                0x00000d35        0x6 df4iah_fw_main.o
                0x00000d35                PM_COMMAND_AFCON
 .progmem.data.PM_COMMAND_AFCOFF
                0x00000d3b        0x7 df4iah_fw_main.o
                0x00000d3b                PM_COMMAND_AFCOFF
 .progmem.data.eeprom_defaultValues_content
                0x00000d42       0xa0 df4iah_fw_main.o
                0x00000d42                eeprom_defaultValues_content
 .progmem.data.usbDescriptorConfiguration
                0x00000de2       0x19 usbdrv_fw/usbdrv.o
                0x00000de2                usbDescriptorConfiguration
 .progmem.data.usbDescriptorDevice
                0x00000dfb       0x12 usbdrv_fw/usbdrv.o
                0x00000dfb                usbDescriptorDevice
 .progmem.data.usbDescriptorStringSerialNumber
                0x00000e0d       0x10 usbdrv_fw/usbdrv.o
                0x00000e0d                usbDescriptorStringSerialNumber
 .progmem.data.usbDescriptorStringDevice
                0x00000e1d       0x2a usbdrv_fw/usbdrv.o
                0x00000e1d                usbDescriptorStringDevice
 .progmem.data.usbDescriptorStringVendor
                0x00000e47        0xe usbdrv_fw/usbdrv.o
                0x00000e47                usbDescriptorStringVendor
 .progmem.data.usbDescriptorString0
                0x00000e55        0x4 usbdrv_fw/usbdrv.o
                0x00000e55                usbDescriptorString0
 .progmem.data  0x00000e59       0x4d c:/program files (x86)/atmel/studio/7.0/toolchain/avr8/avr8-gnu-toolchain/bin/../lib/gcc/avr/4.9.2/../../../../avr/lib/avr5\libscanf_flt.a(vfscanf_flt.o)
                0x00000ea6                . = ALIGN (0x2)
 *(.jumptables)
 *(.jumptables*)
 *(.lowtext)
 *(.lowtext*)
                0x00000ea6                __ctors_start = .
 *(.ctors)
                0x00000ea6                __ctors_end = .
                0x00000ea6                __dtors_start = .
 *(.dtors)
                0x00000ea6                __dtors_end = .
 SORT(*)(.ctors)
 SORT(*)(.dtors)
 *(.init0)
 .init0         0x00000ea6        0x0 C:/Program Files (x86)/Atmel/Studio/7.0/Packs/atmel/ATmega_DFP/1.1.130/gcc/dev/atmega328p/avr5/crtatmega328p.o
                0x00000ea6                __init
 *(.init0)
 *(.init1)
 *(.init1)
 *(.init2)
 .init2         0x00000ea6        0xc C:/Program Files (x86)/Atmel/Studio/7.0/Packs/atmel/ATmega_DFP/1.1.130/gcc/dev/atmega328p/avr5/crtatmega328p.o
 *(.init2)
 *(.init3)
 *(.init3)
 *(.init4)
 .init4         0x00000eb2       0x16 c:/program files (x86)/atmel/studio/7.0/toolchain/avr8/avr8-gnu-toolchain/bin/../lib/gcc/avr/4.9.2/avr5\libgcc.a(_copy_data.o)
                0x00000eb2                __do_copy_data
 .init4         0x00000ec8       0x10 c:/program files (x86)/atmel/studio/7.0/toolchain/avr8/avr8-gnu-toolchain/bin/../lib/gcc/avr/4.9.2/avr5\libgcc.a(_clear_bss.o)
                0x00000ec8                __do_clear_bss
 *(.init4)
 *(.init5)
 *(.init5)
 *(.init6)
 *(.init6)
 *(.init7)
 *(.init7)
 *(.init8)
 *(.init8)
 *(.init9)
 .init9         0x00000ed8        0x8 C:/Program Files (x86)/Atmel/Studio/7.0/Packs/atmel/ATmega_DFP/1.1.130/gcc/dev/atmega328p/avr5/crtatmega328p.o
 *(.init9)
 *(.text)
 .text          0x00000ee0        0x4 C:/Program Files (x86)/Atmel/Studio/7.0/Packs/atmel/ATmega_DFP/1.1.130/gcc/dev/atmega328p/avr5/crtatmega328p.o
                0x00000ee0                __vector_22
                0x00000ee0                __vector_12
                0x00000ee0                __bad_interrupt
                0x00000ee0                __vector_3
                0x00000ee0                __vector_23
                0x00000ee0                __vector_25
                0x00000ee0                __vector_13
                0x00000ee0                __vector_17
                0x00000ee0                __vector_7
                0x00000ee0                __vector_5
                0x00000ee0                __vector_4
                0x00000ee0                __vector_9
                0x00000ee0                __vector_2
                0x00000ee0                __vector_15
                0x00000ee0                __vector_8
                0x00000ee0                __vector_14
 .text          0x00000ee4      0x282 usbdrv_fw/usbdrvasm.o
                0x00000ee4                usbCrc16
                0x00000f2e                usbCrc16Append
                0x00000f36                __vector_1
                0x00001166                . = ALIGN (0x2)
 *(.text.*)
 .text.anlgComp_fw_init
                0x00001166       0x52 df4iah_fw_anlgComp.o
                0x00001166                anlgComp_fw_init
 .text.anlgComp_fw_close
                0x000011b8       0x22 df4iah_fw_anlgComp.o
                0x000011b8                anlgComp_fw_close
 .text.anlgComp_fw_startAdcConvertion
                0x000011da        0xc df4iah_fw_anlgComp.o
                0x000011da                anlgComp_fw_startAdcConvertion
 .text.__vector_21
                0x000011e6       0xcc df4iah_fw_anlgComp.o
                0x000011e6                __vector_21
 .text.clkFastCtr_fw_init
                0x000012b2       0x30 df4iah_fw_clkFastCtr.o
                0x000012b2                clkFastCtr_fw_init
 .text.clkFastCtr_fw_close
                0x000012e2       0x14 df4iah_fw_clkFastCtr.o
                0x000012e2                clkFastCtr_fw_close
 .text.__vector_11
                0x000012f6       0x7e df4iah_fw_clkFastCtr.o
                0x000012f6                __vector_11
 .text.__vector_10
                0x00001374       0x7c df4iah_fw_clkFastCtr.o
                0x00001374                __vector_10
 .text.clkPullPwm_fw_init
                0x000013f0       0x64 df4iah_fw_clkPullPwm.o
                0x000013f0                clkPullPwm_fw_init
 .text.clkPullPwm_fw_close
                0x00001454       0x1a df4iah_fw_clkPullPwm.o
                0x00001454                clkPullPwm_fw_close
 .text.__vector_16
                0x0000146e       0x70 df4iah_fw_clkPullPwm.o
                0x0000146e                __vector_16
 .text.unlikely.recalcEepromCrc
                0x000014de       0x3e df4iah_fw_main.o
 .text.__vector_6
                0x0000151c        0x2 df4iah_fw_main.o
                0x0000151c                __vector_6
 .text.main_fw_calcTimerAdj
                0x0000151e      0x13c df4iah_fw_main.o
                0x0000151e                main_fw_calcTimerAdj
 .text.calcPhaseResidue
                0x0000165a       0x9e df4iah_fw_main.o
 .text.main_fw_strncmp
                0x000016f8       0x2e df4iah_fw_main.o
                0x000016f8                main_fw_strncmp
 .text.main_fw_memcmp
                0x00001726       0x2e df4iah_fw_main.o
                0x00001726                main_fw_memcmp
 .text.main_fw_nmeaUtcPlusOneSec
                0x00001754       0xb8 df4iah_fw_main.o
                0x00001754                main_fw_nmeaUtcPlusOneSec
 .text.main_fw_parseNmeaLineData
                0x0000180c      0x2f6 df4iah_fw_main.o
                0x0000180c                main_fw_parseNmeaLineData
 .text.main_fw_sendInitialHelp
                0x00001b02        0xe df4iah_fw_main.o
                0x00001b02                main_fw_sendInitialHelp
 .text.main_fw_giveAway
                0x00001b10     0x1dec df4iah_fw_main.o
                0x00001b10                main_fw_giveAway
 .text.startup.main
                0x000038fc      0x2ac df4iah_fw_main.o
                0x000038fc                main
 .text.memory_fw_copyBuffer
                0x00003ba8       0x46 df4iah_fw_memory.o
                0x00003ba8                memory_fw_copyBuffer
 .text.memory_fw_getSealMarker
                0x00003bee        0xe df4iah_fw_memory.o
                0x00003bee                memory_fw_getSealMarker
 .text.memory_fw_calcBlockCrc
                0x00003bfc       0x68 df4iah_fw_memory.o
                0x00003bfc                memory_fw_calcBlockCrc
 .text.memory_fw_readEEpromPage
                0x00003c64       0x46 df4iah_fw_memory.o
                0x00003c64                memory_fw_readEEpromPage
 .text.memory_fw_isEepromBlockValid
                0x00003caa       0x3c df4iah_fw_memory.o
                0x00003caa                memory_fw_isEepromBlockValid
 .text.memory_fw_readEepromValidBlock
                0x00003ce6       0x3e df4iah_fw_memory.o
                0x00003ce6                memory_fw_readEepromValidBlock
 .text.memory_fw_writeEEpromPage
                0x00003d24       0x34 df4iah_fw_memory.o
                0x00003d24                memory_fw_writeEEpromPage
 .text.memory_fw_writeEepromBlockMakeValid
                0x00003d58       0x64 df4iah_fw_memory.o
                0x00003d58                memory_fw_writeEepromBlockMakeValid
 .text.memory_fw_manageBlock
                0x00003dbc       0x8c df4iah_fw_memory.o
                0x00003dbc                memory_fw_manageBlock
 .text.memory_fw_manageNonVolatileData
                0x00003e48       0x20 df4iah_fw_memory.o
                0x00003e48                memory_fw_manageNonVolatileData
 .text.ringbuffer_fw_getSemaphore
                0x00003e68       0x22 df4iah_fw_ringbuffer.o
                0x00003e68                ringbuffer_fw_getSemaphore
 .text.ringbuffer_fw_freeSemaphore
                0x00003e8a       0x18 df4iah_fw_ringbuffer.o
                0x00003e8a                ringbuffer_fw_freeSemaphore
 .text.ringbuffer_fw_ringBufferPush
                0x00003ea2      0x134 df4iah_fw_ringbuffer.o
                0x00003ea2                ringbuffer_fw_ringBufferPush
 .text.ringbuffer_fw_ringBufferPull
                0x00003fd6      0x110 df4iah_fw_ringbuffer.o
                0x00003fd6                ringbuffer_fw_ringBufferPull
 .text.ringbuffer_fw_getStatusNextMsg
                0x000040e6       0x46 df4iah_fw_ringbuffer.o
                0x000040e6                ringbuffer_fw_getStatusNextMsg
 .text.ringbuffer_fw_ringBufferWaitFreeAndKeepSemaphore
                0x0000412c       0x48 df4iah_fw_ringbuffer.o
                0x0000412c                ringbuffer_fw_ringBufferWaitFreeAndKeepSemaphore
 .text.ringbuffer_fw_ringBufferWaitAppend
                0x00004174       0x48 df4iah_fw_ringbuffer.o
                0x00004174                ringbuffer_fw_ringBufferWaitAppend
 .text.serial_fw_sendNmea
                0x000041bc       0x34 df4iah_fw_serial.o
 .text.serial_fw_serRxIsrOn.part.0
                0x000041f0       0x12 df4iah_fw_serial.o
 .text.serial_fw_close
                0x00004202       0x1e df4iah_fw_serial.o
                0x00004202                serial_fw_close
 .text.serial_fw_setCommBaud
                0x00004220       0x40 df4iah_fw_serial.o
                0x00004220                serial_fw_setCommBaud
 .text.serial_fw_init
                0x00004260       0x9a df4iah_fw_serial.o
                0x00004260                serial_fw_init
 .text.serial_fw_isTxRunning
                0x000042fa        0xe df4iah_fw_serial.o
                0x000042fa                serial_fw_isTxRunning
 .text.serial_fw_copyAndSendNmea
                0x00004308       0x28 df4iah_fw_serial.o
                0x00004308                serial_fw_copyAndSendNmea
 .text.serial_fw_pullAndSendNmea_havingSemaphore
                0x00004330       0x8e df4iah_fw_serial.o
                0x00004330                serial_fw_pullAndSendNmea_havingSemaphore
 .text.__vector_18
                0x000043be      0x104 df4iah_fw_serial.o
                0x000043be                __vector_18
 .text.__vector_19
                0x000044c2       0x80 df4iah_fw_serial.o
                0x000044c2                __vector_19
 .text.__vector_20
                0x00004542       0x16 df4iah_fw_serial.o
                0x00004542                __vector_20
 .text.waitUntilDone
                0x00004558       0x1a df4iah_fw_twi.o
 .text.twi_fw_init
                0x00004572       0x2e df4iah_fw_twi.o
                0x00004572                twi_fw_init
 .text.twi_fw_close
                0x000045a0       0x16 df4iah_fw_twi.o
                0x000045a0                twi_fw_close
 .text.isr_sendStart
                0x000045b6       0x84 df4iah_fw_twi.o
                0x000045b6                isr_sendStart
 .text.twi_fw_sendCmdSendData1
                0x0000463a       0x76 df4iah_fw_twi.o
                0x0000463a                twi_fw_sendCmdSendData1
 .text.twi_fw_sendCmdSendData1SendData2
                0x000046b0       0x90 df4iah_fw_twi.o
                0x000046b0                twi_fw_sendCmdSendData1SendData2
 .text.twi_fw_sendCmdReadData1
                0x00004740       0x66 df4iah_fw_twi.o
                0x00004740                twi_fw_sendCmdReadData1
 .text.isr_sendStop
                0x000047a6       0x2e df4iah_fw_twi.o
                0x000047a6                isr_sendStop
 .text.__vector_24
                0x000047d4      0x280 df4iah_fw_twi.o
                0x000047d4                __vector_24
 .text.twi_mcp23017_fw_init
                0x00004a54       0x6a df4iah_fw_twi_mcp23017.o
                0x00004a54                twi_mcp23017_fw_init
 .text.twi_mcp23017_fw_close
                0x00004abe       0x24 df4iah_fw_twi_mcp23017.o
                0x00004abe                twi_mcp23017_fw_close
 .text.twi_mcp23017_fw_setPortA_DirOut
                0x00004ae2       0x12 df4iah_fw_twi_mcp23017.o
                0x00004ae2                twi_mcp23017_fw_setPortA_DirOut
 .text.twi_mcp23017_fw_setPortB
                0x00004af4        0xa df4iah_fw_twi_mcp23017.o
                0x00004af4                twi_mcp23017_fw_setPortB
 .text.twi_mcp23017_fw_setPortBA
                0x00004afe       0x14 df4iah_fw_twi_mcp23017.o
                0x00004afe                twi_mcp23017_fw_setPortBA
 .text.twi_mcp23017_fw_readPortA
                0x00004b12        0x8 df4iah_fw_twi_mcp23017.o
                0x00004b12                twi_mcp23017_fw_readPortA
 .text.twi_mcp23017_av1624_fw_waitUntilReady
                0x00004b1a       0x5a df4iah_fw_twi_mcp23017_av1624.o
                0x00004b1a                twi_mcp23017_av1624_fw_waitUntilReady
 .text.twi_mcp23017_av1624_fw_init
                0x00004b74      0x116 df4iah_fw_twi_mcp23017_av1624.o
                0x00004b74                twi_mcp23017_av1624_fw_init
 .text.twi_mcp23017_av1624_fw_close
                0x00004c8a       0x56 df4iah_fw_twi_mcp23017_av1624.o
                0x00004c8a                twi_mcp23017_av1624_fw_close
 .text.twi_mcp23017_av1624_fw_gotoPosition
                0x00004ce0       0x5e df4iah_fw_twi_mcp23017_av1624.o
                0x00004ce0                twi_mcp23017_av1624_fw_gotoPosition
 .text.twi_mcp23017_av1624_fw_writeString
                0x00004d3e       0x96 df4iah_fw_twi_mcp23017_av1624.o
                0x00004d3e                twi_mcp23017_av1624_fw_writeString
 .text.twi_smart_lcd_fw_get_version
                0x00004dd4        0x8 df4iah_fw_twi_smart_lcd.o
                0x00004dd4                twi_smart_lcd_fw_get_version
 .text.twi_smart_lcd_fw_init
                0x00004ddc        0xa df4iah_fw_twi_smart_lcd.o
                0x00004ddc                twi_smart_lcd_fw_init
 .text.usb_fw_sendInInterrupt
                0x00004de6       0x14 df4iah_fw_usb.o
                0x00004de6                usb_fw_sendInInterrupt
 .text.usb_fw_init
                0x00004dfa       0x28 df4iah_fw_usb.o
                0x00004dfa                usb_fw_init
 .text.usb_fw_close
                0x00004e22        0x8 df4iah_fw_usb.o
                0x00004e22                usb_fw_close
 .text.usbFunctionSetup
                0x00004e2a       0x72 df4iah_fw_usb.o
                0x00004e2a                usbFunctionSetup
 .text.usbFunctionRead
                0x00004e9c      0x10a df4iah_fw_usb.o
                0x00004e9c                usbFunctionRead
 .text.usbFunctionWrite
                0x00004fa6       0xa4 df4iah_fw_usb.o
                0x00004fa6                usbFunctionWrite
 .text.usbSetInterrupt
                0x0000504a       0x4c usbdrv_fw/usbdrv.o
                0x0000504a                usbSetInterrupt
 .text.usbPoll  0x00005096      0x29c usbdrv_fw/usbdrv.o
                0x00005096                usbPoll
 .text.usbInit  0x00005332       0x1a usbdrv_fw/usbdrv.o
                0x00005332                usbInit
 .text.avr-libc
                0x0000534c      0x6f8 c:/program files (x86)/atmel/studio/7.0/toolchain/avr8/avr8-gnu-toolchain/bin/../lib/gcc/avr/4.9.2/../../../../avr/lib/avr5\libprintf_flt.a(vfprintf_flt.o)
                0x0000534c                vfprintf
 .text.avr-libc
                0x00005a44      0x7ee c:/program files (x86)/atmel/studio/7.0/toolchain/avr8/avr8-gnu-toolchain/bin/../lib/gcc/avr/4.9.2/../../../../avr/lib/avr5\libscanf_flt.a(vfscanf_flt.o)
                0x00005fce                vfscanf
 .text.libgcc.div
                0x00006232       0x18 c:/program files (x86)/atmel/studio/7.0/toolchain/avr8/avr8-gnu-toolchain/bin/../lib/gcc/avr/4.9.2/avr5\libgcc.a(_udivmodqi4.o)
                0x00006232                __udivmodqi4
 .text.libgcc.div
                0x0000624a       0x28 c:/program files (x86)/atmel/studio/7.0/toolchain/avr8/avr8-gnu-toolchain/bin/../lib/gcc/avr/4.9.2/avr5\libgcc.a(_udivmodhi4.o)
                0x0000624a                __udivmodhi4
 .text.libgcc.div
                0x00006272       0x44 c:/program files (x86)/atmel/studio/7.0/toolchain/avr8/avr8-gnu-toolchain/bin/../lib/gcc/avr/4.9.2/avr5\libgcc.a(_udivmodsi4.o)
                0x00006272                __udivmodsi4
 .text.libgcc.div
                0x000062b6       0x2e c:/program files (x86)/atmel/studio/7.0/toolchain/avr8/avr8-gnu-toolchain/bin/../lib/gcc/avr/4.9.2/avr5\libgcc.a(_divmodsi4.o)
                0x000062b6                __divmodsi4
 .text.libgcc.div
                0x000062e4       0x10 c:/program files (x86)/atmel/studio/7.0/toolchain/avr8/avr8-gnu-toolchain/bin/../lib/gcc/avr/4.9.2/avr5\libgcc.a(_negsi2.o)
                0x000062e4                __negsi2
 .text.libgcc   0x000062f4        0xc c:/program files (x86)/atmel/studio/7.0/toolchain/avr8/avr8-gnu-toolchain/bin/../lib/gcc/avr/4.9.2/avr5\libgcc.a(_tablejump2.o)
                0x000062f4                __tablejump2__
 .text.libgcc.mul
                0x00006300       0x16 c:/program files (x86)/atmel/studio/7.0/toolchain/avr8/avr8-gnu-toolchain/bin/../lib/gcc/avr/4.9.2/avr5\libgcc.a(_muluhisi3.o)
                0x00006300                __muluhisi3
 .text.libgcc.prologue
                0x00006316       0x38 c:/program files (x86)/atmel/studio/7.0/toolchain/avr8/avr8-gnu-toolchain/bin/../lib/gcc/avr/4.9.2/avr5\libgcc.a(_prologue.o)
                0x00006316                __prologue_saves__
 .text.libgcc.prologue
                0x0000634e       0x36 c:/program files (x86)/atmel/studio/7.0/toolchain/avr8/avr8-gnu-toolchain/bin/../lib/gcc/avr/4.9.2/avr5\libgcc.a(_epilogue.o)
                0x0000634e                __epilogue_restores__
 .text.libgcc.mul
                0x00006384       0x1e c:/program files (x86)/atmel/studio/7.0/toolchain/avr8/avr8-gnu-toolchain/bin/../lib/gcc/avr/4.9.2/avr5\libgcc.a(_umulhisi3.o)
                0x00006384                __umulhisi3
 .text.avr-libc.fplib
                0x000063a2        0xe c:/program files (x86)/atmel/studio/7.0/toolchain/avr8/avr8-gnu-toolchain/bin/../lib/gcc/avr/4.9.2/../../../../avr/lib/avr5\libm.a(addsf3.o)
                0x000063a2                __subsf3
                0x000063a4                __addsf3
 .text.avr-libc.fplib
                0x000063b0       0xcc c:/program files (x86)/atmel/studio/7.0/toolchain/avr8/avr8-gnu-toolchain/bin/../lib/gcc/avr/4.9.2/../../../../avr/lib/avr5\libm.a(addsf3x.o)
                0x000063d2                __addsf3x
 .text.avr-libc.fplib
                0x0000647c        0xa c:/program files (x86)/atmel/studio/7.0/toolchain/avr8/avr8-gnu-toolchain/bin/../lib/gcc/avr/4.9.2/../../../../avr/lib/avr5\libm.a(cmpsf2.o)
                0x0000647c                __nesf2
                0x0000647c                __eqsf2
                0x0000647c                __cmpsf2
                0x0000647c                __ltsf2
                0x0000647c                __lesf2
 .text.avr-libc.fplib
                0x00006486        0x8 c:/program files (x86)/atmel/studio/7.0/toolchain/avr8/avr8-gnu-toolchain/bin/../lib/gcc/avr/4.9.2/../../../../avr/lib/avr5\libm.a(divsf3.o)
                0x00006486                __divsf3
 .text.avr-libc.fplib
                0x0000648e       0xdc c:/program files (x86)/atmel/studio/7.0/toolchain/avr8/avr8-gnu-toolchain/bin/../lib/gcc/avr/4.9.2/../../../../avr/lib/avr5\libm.a(divsf3x.o)
                0x000064ae                __divsf3x
                0x000064b4                __divsf3_pse
 .text.avr-libc.fplib
                0x0000656a       0x5e c:/program files (x86)/atmel/studio/7.0/toolchain/avr8/avr8-gnu-toolchain/bin/../lib/gcc/avr/4.9.2/../../../../avr/lib/avr5\libm.a(fixunssfsi.o)
                0x0000656a                __fixunssfsi
 .text.avr-libc.fplib
                0x000065c8       0x7a c:/program files (x86)/atmel/studio/7.0/toolchain/avr8/avr8-gnu-toolchain/bin/../lib/gcc/avr/4.9.2/../../../../avr/lib/avr5\libm.a(floatsisf.o)
                0x000065c8                __floatunsisf
                0x000065cc                __floatsisf
 .text.avr-libc.fplib
                0x00006642       0x2e c:/program files (x86)/atmel/studio/7.0/toolchain/avr8/avr8-gnu-toolchain/bin/../lib/gcc/avr/4.9.2/../../../../avr/lib/avr5\libm.a(floor.o)
                0x00006642                floor
 .text.avr-libc.fplib
                0x00006670       0x48 c:/program files (x86)/atmel/studio/7.0/toolchain/avr8/avr8-gnu-toolchain/bin/../lib/gcc/avr/4.9.2/../../../../avr/lib/avr5\libm.a(fp_cmp.o)
                0x00006670                __fp_cmp
 .text.avr-libc.fplib
                0x000066b8        0xc c:/program files (x86)/atmel/studio/7.0/toolchain/avr8/avr8-gnu-toolchain/bin/../lib/gcc/avr/4.9.2/../../../../avr/lib/avr5\libm.a(fp_inf.o)
                0x000066b8                __fp_inf
 .text.avr-libc.fplib
                0x000066c4       0x36 c:/program files (x86)/atmel/studio/7.0/toolchain/avr8/avr8-gnu-toolchain/bin/../lib/gcc/avr/4.9.2/../../../../avr/lib/avr5\libm.a(fp_mintl.o)
                0x000066c4                __fp_mintl
 .text.avr-libc.fplib
                0x000066fa       0x1c c:/program files (x86)/atmel/studio/7.0/toolchain/avr8/avr8-gnu-toolchain/bin/../lib/gcc/avr/4.9.2/../../../../avr/lib/avr5\libm.a(fp_mpack.o)
                0x000066fa                __fp_mpack
                0x000066fe                __fp_mpack_finite
 .text.avr-libc.fplib
                0x00006716        0x6 c:/program files (x86)/atmel/studio/7.0/toolchain/avr8/avr8-gnu-toolchain/bin/../lib/gcc/avr/4.9.2/../../../../avr/lib/avr5\libm.a(fp_nan.o)
                0x00006716                __fp_nan
 .text.avr-libc.fplib
                0x0000671c        0xe c:/program files (x86)/atmel/studio/7.0/toolchain/avr8/avr8-gnu-toolchain/bin/../lib/gcc/avr/4.9.2/../../../../avr/lib/avr5\libm.a(fp_pscA.o)
                0x0000671c                __fp_pscA
 .text.avr-libc.fplib
                0x0000672a        0xe c:/program files (x86)/atmel/studio/7.0/toolchain/avr8/avr8-gnu-toolchain/bin/../lib/gcc/avr/4.9.2/../../../../avr/lib/avr5\libm.a(fp_pscB.o)
                0x0000672a                __fp_pscB
 .text.avr-libc.fplib
                0x00006738       0x22 c:/program files (x86)/atmel/studio/7.0/toolchain/avr8/avr8-gnu-toolchain/bin/../lib/gcc/avr/4.9.2/../../../../avr/lib/avr5\libm.a(fp_round.o)
                0x00006738                __fp_round
 .text.avr-libc.fplib
                0x0000675a       0x44 c:/program files (x86)/atmel/studio/7.0/toolchain/avr8/avr8-gnu-toolchain/bin/../lib/gcc/avr/4.9.2/../../../../avr/lib/avr5\libm.a(fp_split3.o)
                0x0000675a                __fp_split3
                0x0000676a                __fp_splitA
 .text.avr-libc.fplib
                0x0000679e       0x30 c:/program files (x86)/atmel/studio/7.0/toolchain/avr8/avr8-gnu-toolchain/bin/../lib/gcc/avr/4.9.2/../../../../avr/lib/avr5\libm.a(fp_trunc.o)
                0x0000679e                __fp_trunc
 .text.avr-libc.fplib
                0x000067ce        0xe c:/program files (x86)/atmel/studio/7.0/toolchain/avr8/avr8-gnu-toolchain/bin/../lib/gcc/avr/4.9.2/../../../../avr/lib/avr5\libm.a(fp_zero.o)
                0x000067ce                __fp_zero
                0x000067d0                __fp_szero
 .text.avr-libc.fplib
                0x000067dc        0xa c:/program files (x86)/atmel/studio/7.0/toolchain/avr8/avr8-gnu-toolchain/bin/../lib/gcc/avr/4.9.2/../../../../avr/lib/avr5\libm.a(gesf2.o)
                0x000067dc                __gesf2
                0x000067dc                __gtsf2
 .text.avr-libc.fplib
                0x000067e6        0x8 c:/program files (x86)/atmel/studio/7.0/toolchain/avr8/avr8-gnu-toolchain/bin/../lib/gcc/avr/4.9.2/../../../../avr/lib/avr5\libm.a(mulsf3.o)
                0x000067e6                __mulsf3
 .text.avr-libc.fplib
                0x000067ee       0xd2 c:/program files (x86)/atmel/studio/7.0/toolchain/avr8/avr8-gnu-toolchain/bin/../lib/gcc/avr/4.9.2/../../../../avr/lib/avr5\libm.a(mulsf3x.o)
                0x0000680c                __mulsf3x
                0x00006812                __mulsf3_pse
 .text.avr-libc.fplib
                0x000068c0       0xa0 c:/program files (x86)/atmel/studio/7.0/toolchain/avr8/avr8-gnu-toolchain/bin/../lib/gcc/avr/4.9.2/../../../../avr/lib/avr5\libm.a(pow.o)
                0x000068c0                pow
 .text.avr-libc.fplib
                0x00006960       0x74 c:/program files (x86)/atmel/studio/7.0/toolchain/avr8/avr8-gnu-toolchain/bin/../lib/gcc/avr/4.9.2/../../../../avr/lib/avr5\libm.a(exp.o)
                0x00006970                exp
 .text.avr-libc.fplib
                0x000069d4       0x4e c:/program files (x86)/atmel/studio/7.0/toolchain/avr8/avr8-gnu-toolchain/bin/../lib/gcc/avr/4.9.2/../../../../avr/lib/avr5\libm.a(fp_powser.o)
                0x000069d4                __fp_powser
 .text.avr-libc.fplib
                0x00006a22       0x10 c:/program files (x86)/atmel/studio/7.0/toolchain/avr8/avr8-gnu-toolchain/bin/../lib/gcc/avr/4.9.2/../../../../avr/lib/avr5\libm.a(inverse.o)
                0x00006a22                inverse
 .text.avr-libc.fplib
                0x00006a32       0x74 c:/program files (x86)/atmel/studio/7.0/toolchain/avr8/avr8-gnu-toolchain/bin/../lib/gcc/avr/4.9.2/../../../../avr/lib/avr5\libm.a(ldexp.o)
                0x00006a3a                ldexp
 .text.avr-libc.fplib
                0x00006aa6       0xa0 c:/program files (x86)/atmel/studio/7.0/toolchain/avr8/avr8-gnu-toolchain/bin/../lib/gcc/avr/4.9.2/../../../../avr/lib/avr5\libm.a(log.o)
                0x00006ab6                log
 .text.avr-libc.fplib
                0x00006b46       0x68 c:/program files (x86)/atmel/studio/7.0/toolchain/avr8/avr8-gnu-toolchain/bin/../lib/gcc/avr/4.9.2/../../../../avr/lib/avr5\libm.a(modf.o)
                0x00006b46                modf
                0x00006b46                modff
 .text.avr-libc
                0x00006bae      0x1b0 c:/program files (x86)/atmel/studio/7.0/toolchain/avr8/avr8-gnu-toolchain/bin/../lib/gcc/avr/4.9.2/../../../../avr/lib/avr5\libc.a(ftoa_engine.o)
                0x00006bae                __ftoa_engine
 .text.avr-libc
                0x00006d5e       0x12 c:/program files (x86)/atmel/studio/7.0/toolchain/avr8/avr8-gnu-toolchain/bin/../lib/gcc/avr/4.9.2/../../../../avr/lib/avr5\libc.a(isspace.o)
                0x00006d5e                isspace
 .text.avr-libc
                0x00006d70       0x10 c:/program files (x86)/atmel/studio/7.0/toolchain/avr8/avr8-gnu-toolchain/bin/../lib/gcc/avr/4.9.2/../../../../avr/lib/avr5\libc.a(tolower.o)
                0x00006d70                tolower
 .text.avr-libc
                0x00006d80       0x16 c:/program files (x86)/atmel/studio/7.0/toolchain/avr8/avr8-gnu-toolchain/bin/../lib/gcc/avr/4.9.2/../../../../avr/lib/avr5\libc.a(strchr_P.o)
                0x00006d80                strchr_P
 .text.avr-libc
                0x00006d96       0x16 c:/program files (x86)/atmel/studio/7.0/toolchain/avr8/avr8-gnu-toolchain/bin/../lib/gcc/avr/4.9.2/../../../../avr/lib/avr5\libc.a(strnlen_P.o)
                0x00006d96                strnlen_P
 .text.avr-libc
                0x00006dac       0x1a c:/program files (x86)/atmel/studio/7.0/toolchain/avr8/avr8-gnu-toolchain/bin/../lib/gcc/avr/4.9.2/../../../../avr/lib/avr5\libc.a(memcmp.o)
                0x00006dac                memcmp
 .text.avr-libc
                0x00006dc6       0x12 c:/program files (x86)/atmel/studio/7.0/toolchain/avr8/avr8-gnu-toolchain/bin/../lib/gcc/avr/4.9.2/../../../../avr/lib/avr5\libc.a(memcpy.o)
                0x00006dc6                memcpy
 .text.avr-libc
                0x00006dd8       0x1c c:/program files (x86)/atmel/studio/7.0/toolchain/avr8/avr8-gnu-toolchain/bin/../lib/gcc/avr/4.9.2/../../../../avr/lib/avr5\libc.a(strncmp.o)
                0x00006dd8                strncmp
 .text.avr-libc
                0x00006df4       0x16 c:/program files (x86)/atmel/studio/7.0/toolchain/avr8/avr8-gnu-toolchain/bin/../lib/gcc/avr/4.9.2/../../../../avr/lib/avr5\libc.a(strnlen.o)
                0x00006df4                strnlen
 .text.avr-libc
                0x00006e0a       0x7c c:/program files (x86)/atmel/studio/7.0/toolchain/avr8/avr8-gnu-toolchain/bin/../lib/gcc/avr/4.9.2/../../../../avr/lib/avr5\libc.a(fgetc.o)
                0x00006e0a                fgetc
 .text.avr-libc
                0x00006e86       0x70 c:/program files (x86)/atmel/studio/7.0/toolchain/avr8/avr8-gnu-toolchain/bin/../lib/gcc/avr/4.9.2/../../../../avr/lib/avr5\libc.a(fputc.o)
                0x00006e86                fputc
 .text.avr-libc
                0x00006ef6       0x60 c:/program files (x86)/atmel/studio/7.0/toolchain/avr8/avr8-gnu-toolchain/bin/../lib/gcc/avr/4.9.2/../../../../avr/lib/avr5\libc.a(snprintf.o)
                0x00006ef6                snprintf
 .text.avr-libc
                0x00006f56       0x46 c:/program files (x86)/atmel/studio/7.0/toolchain/avr8/avr8-gnu-toolchain/bin/../lib/gcc/avr/4.9.2/../../../../avr/lib/avr5\libc.a(sprintf.o)
                0x00006f56                sprintf
 .text.avr-libc
                0x00006f9c       0x32 c:/program files (x86)/atmel/studio/7.0/toolchain/avr8/avr8-gnu-toolchain/bin/../lib/gcc/avr/4.9.2/../../../../avr/lib/avr5\libc.a(sscanf.o)
                0x00006f9c                sscanf
 .text.avr-libc
                0x00006fce       0x32 c:/program files (x86)/atmel/studio/7.0/toolchain/avr8/avr8-gnu-toolchain/bin/../lib/gcc/avr/4.9.2/../../../../avr/lib/avr5\libc.a(ungetc.o)
                0x00006fce                ungetc
 .text.avr-libc
                0x00007000       0xbc c:/program files (x86)/atmel/studio/7.0/toolchain/avr8/avr8-gnu-toolchain/bin/../lib/gcc/avr/4.9.2/../../../../avr/lib/avr5\libc.a(ultoa_invert.o)
                0x00007000                __ultoa_invert
 .text.avr-libc
                0x000070bc        0x6 c:/program files (x86)/atmel/studio/7.0/toolchain/avr8/avr8-gnu-toolchain/bin/../lib/gcc/avr/4.9.2/../../../../avr/lib/avr5\libc.a(cty_isfalse.o)
                0x000070bc                __ctype_isfalse
                0x000070c0                __ctype_istrue
 .text.avr-libc
                0x000070c2       0x10 C:/Program Files (x86)/Atmel/Studio/7.0/Packs/atmel/ATmega_DFP/1.1.130/gcc/dev/atmega328p/avr5\libatmega328p.a(eerd_byte.o)
                0x000070c2                eeprom_read_byte
 .text.avr-libc
                0x000070d2       0x1c C:/Program Files (x86)/Atmel/Studio/7.0/Packs/atmel/ATmega_DFP/1.1.130/gcc/dev/atmega328p/avr5\libatmega328p.a(eewr_byte.o)
                0x000070d2                eeprom_write_byte
                0x000070d4                eeprom_write_r18
                0x000070ee                . = ALIGN (0x2)
 *(.fini9)
 .fini9         0x000070ee        0x0 c:/program files (x86)/atmel/studio/7.0/toolchain/avr8/avr8-gnu-toolchain/bin/../lib/gcc/avr/4.9.2/avr5\libgcc.a(_exit.o)
                0x000070ee                _exit
                0x000070ee                exit
 *(.fini9)
 *(.fini8)
 *(.fini8)
 *(.fini7)
 *(.fini7)
 *(.fini6)
 *(.fini6)
 *(.fini5)
 *(.fini5)
 *(.fini4)
 *(.fini4)
 *(.fini3)
 *(.fini3)
 *(.fini2)
 *(.fini2)
 *(.fini1)
 *(.fini1)
 *(.fini0)
 .fini0         0x000070ee        0x4 c:/program files (x86)/atmel/studio/7.0/toolchain/avr8/avr8-gnu-toolchain/bin/../lib/gcc/avr/4.9.2/avr5\libgcc.a(_exit.o)
 *(.fini0)
                0x000070f2                _etext = .

.data           0x00800100       0x16 load address 0x000070f2
                0x00800100                PROVIDE (__data_start, .)
 *(.data)
 *(.data*)
 .data.main_bf  0x00800100        0x3 df4iah_fw_main.o
                0x00800100                main_bf
 .data.mainGpsInitVal
                0x00800103        0x1 df4iah_fw_main.o
                0x00800103                mainGpsInitVal
 .data.mainSCMungwallAddr
                0x00800104        0x2 df4iah_fw_main.o
                0x00800104                mainSCMungwallAddr
 .data.mainSCStackAddr
                0x00800106        0x2 df4iah_fw_main.o
                0x00800106                mainSCStackAddr
 .data.bufferInt.2309
                0x00800108        0x5 df4iah_fw_usb.o
 .data.usbMsgLen
                0x0080010d        0x1 usbdrv_fw/usbdrv.o
 .data.usbTxLen
                0x0080010e        0x1 usbdrv_fw/usbdrv.o
                0x0080010e                usbTxLen
 *(.rodata)
 *(.rodata*)
 .rodata.str1.1
                0x0080010f        0x6 df4iah_fw_main.o
 *(.gnu.linkonce.d*)
                0x00800116                . = ALIGN (0x2)
 *fill*         0x00800115        0x1 
                0x00800116                _edata = .
                0x00800116                PROVIDE (__data_end, .)

.bss            0x00800116      0x701
                0x00800116                PROVIDE (__bss_start, .)
 *(.bss)
 *(.bss*)
 .bss.phaseStepsErrorSum.2792
                0x00800116        0x4 df4iah_fw_main.o
 .bss.phaseMeanPhaseErrorSum.2791
                0x0080011a        0x4 df4iah_fw_main.o
 .bss.holdOffTime.2778
                0x0080011e        0x1 df4iah_fw_main.o
 .bss.displaySubNr.2913
                0x0080011f        0x1 df4iah_fw_main.o
 .bss.displayNr.2912
                0x00800120        0x1 df4iah_fw_main.o
 .bss.localMeanClockDiffSum.2899
                0x00800121        0x4 df4iah_fw_main.o
 .bss.localFastCtr1ms_next.2887
                0x00800125        0x4 df4iah_fw_main.o
 .bss.localNoPpsCnt.2888
                0x00800129        0x1 df4iah_fw_main.o
 .bss.localAdcConvertNowCntrLast.2886
                0x0080012a        0x1 df4iah_fw_main.o
 .bss.twiSeq2Data
                0x0080012b        0x4 df4iah_fw_main.o
                0x0080012b                twiSeq2Data
 .bss.twiState  0x0080012f        0x3 df4iah_fw_main.o
                0x0080012f                twiState
 .bss.usbCtxtSetupReplyBuffer
                0x00800132        0x8 df4iah_fw_main.o
                0x00800132                usbCtxtSetupReplyBuffer
 .bss.usbIsrCtxtBuffer
                0x0080013a       0x80 df4iah_fw_main.o
                0x0080013a                usbIsrCtxtBuffer
 .bss.serialCtxtTxBuffer
                0x008001ba       0x40 df4iah_fw_main.o
                0x008001ba                serialCtxtTxBuffer
 .bss.serialCtxtNmeaRxHookBuf
                0x008001fa        0x8 df4iah_fw_main.o
                0x008001fa                serialCtxtNmeaRxHookBuf
 .bss.serialCtxtRxBuffer
                0x00800202       0x78 df4iah_fw_main.o
                0x00800202                serialCtxtRxBuffer
 .bss.usbRingBufferRcv
                0x0080027a       0x80 df4iah_fw_main.o
                0x0080027a                usbRingBufferRcv
 .bss.usbRingBufferSend
                0x008002fa       0x80 df4iah_fw_main.o
                0x008002fa                usbRingBufferSend
 .bss.acAdcCh   0x0080037a        0x6 df4iah_fw_main.o
                0x0080037a                acAdcCh
 .bss.mainFormatBuffer
                0x00800380       0x80 df4iah_fw_main.o
                0x00800380                mainFormatBuffer
 .bss.mainPrepareBuffer
                0x00800400       0x80 df4iah_fw_main.o
                0x00800400                mainPrepareBuffer
 .bss.mainInterpreterBuffer
                0x00800480       0x80 df4iah_fw_main.o
                0x00800480                mainInterpreterBuffer
 .bss.twiSeq2DataIdx
                0x00800500        0x1 df4iah_fw_main.o
                0x00800500                twiSeq2DataIdx
 .bss.twiSeq2DataRcvCnt
                0x00800501        0x1 df4iah_fw_main.o
                0x00800501                twiSeq2DataRcvCnt
 .bss.twiSeq2DataCnt
                0x00800502        0x1 df4iah_fw_main.o
                0x00800502                twiSeq2DataCnt
 .bss.twiSeq1Adr
                0x00800503        0x1 df4iah_fw_main.o
                0x00800503                twiSeq1Adr
 .bss.usbIsrCtxtBufferIdx
                0x00800504        0x1 df4iah_fw_main.o
                0x00800504                usbIsrCtxtBufferIdx
 .bss.cntSend   0x00800505        0x2 df4iah_fw_main.o
                0x00800505                cntSend
 .bss.cntRcv    0x00800507        0x2 df4iah_fw_main.o
                0x00800507                cntRcv
 .bss.usbIsUp   0x00800509        0x1 df4iah_fw_main.o
                0x00800509                usbIsUp
 .bss.serialCtxtNmeaRxHookBufIdx
                0x0080050a        0x1 df4iah_fw_main.o
                0x0080050a                serialCtxtNmeaRxHookBufIdx
 .bss.serialCtxtBufferState
                0x0080050b        0x1 df4iah_fw_main.o
                0x0080050b                serialCtxtBufferState
 .bss.serialCtxtTxBufferIdx
                0x0080050c        0x1 df4iah_fw_main.o
                0x0080050c                serialCtxtTxBufferIdx
 .bss.serialCtxtTxBufferLen
                0x0080050d        0x1 df4iah_fw_main.o
                0x0080050d                serialCtxtTxBufferLen
 .bss.serialCtxtRxBufferLen
                0x0080050e        0x1 df4iah_fw_main.o
                0x0080050e                serialCtxtRxBufferLen
 .bss.serialCoef_b03_gps_comm_mode
                0x0080050f        0x2 df4iah_fw_main.o
                0x0080050f                serialCoef_b03_gps_comm_mode
 .bss.serialCoef_b03_bitsParityStopbits
                0x00800511        0x2 df4iah_fw_main.o
                0x00800511                serialCoef_b03_bitsParityStopbits
 .bss.serialCoef_b03_serial_baud
                0x00800513        0x2 df4iah_fw_main.o
                0x00800513                serialCoef_b03_serial_baud
 .bss.usbRingBufferRcvSemaphore
                0x00800515        0x1 df4iah_fw_main.o
                0x00800515                usbRingBufferRcvSemaphore
 .bss.usbRingBufferSendSemaphore
                0x00800516        0x1 df4iah_fw_main.o
                0x00800516                usbRingBufferSendSemaphore
 .bss.usbRingBufferRcvPullIdx
                0x00800517        0x1 df4iah_fw_main.o
                0x00800517                usbRingBufferRcvPullIdx
 .bss.usbRingBufferRcvPushIdx
                0x00800518        0x1 df4iah_fw_main.o
                0x00800518                usbRingBufferRcvPushIdx
 .bss.usbRingBufferSendPullIdx
                0x00800519        0x1 df4iah_fw_main.o
                0x00800519                usbRingBufferSendPullIdx
 .bss.usbRingBufferSendPushIdx
                0x0080051a        0x1 df4iah_fw_main.o
                0x0080051a                usbRingBufferSendPushIdx
 .bss.acAdcConvertNowCntr
                0x0080051b        0x1 df4iah_fw_main.o
                0x0080051b                acAdcConvertNowCntr
 .bss.acAdcConvertNowState
                0x0080051c        0x1 df4iah_fw_main.o
                0x0080051c                acAdcConvertNowState
 .bss.fastPwmSingleDiffSum
                0x0080051d        0x4 df4iah_fw_main.o
                0x0080051d                fastPwmSingleDiffSum
 .bss.fastPwmSubCnt
                0x00800521        0x1 df4iah_fw_main.o
                0x00800521                fastPwmSubCnt
 .bss.fastPwmSubCmp
                0x00800522        0x1 df4iah_fw_main.o
                0x00800522                fastPwmSubCmp
 .bss.fastPwmSubSingleVal
                0x00800523        0x1 df4iah_fw_main.o
                0x00800523                fastPwmSubSingleVal
 .bss.fastPwmSingleVal
                0x00800524        0x1 df4iah_fw_main.o
                0x00800524                fastPwmSingleVal
 .bss.fastPwmSingleLoad
                0x00800525        0x1 df4iah_fw_main.o
                0x00800525                fastPwmSingleLoad
 .bss.fastPwmSubLoopVal
                0x00800526        0x1 df4iah_fw_main.o
                0x00800526                fastPwmSubLoopVal
 .bss.fastPwmLoopVal
                0x00800527        0x1 df4iah_fw_main.o
                0x00800527                fastPwmLoopVal
 .bss.fastCtr1ms
                0x00800528        0x4 df4iah_fw_main.o
                0x00800528                fastCtr1ms
 .bss.fastStampCtr1ms
                0x0080052c        0x4 df4iah_fw_main.o
                0x0080052c                fastStampCtr1ms
 .bss.fastStampTCNT1
                0x00800530        0x2 df4iah_fw_main.o
                0x00800530                fastStampTCNT1
 .bss.pullCoef_b02_pwm_initial_sub
                0x00800532        0x1 df4iah_fw_main.o
                0x00800532                pullCoef_b02_pwm_initial_sub
 .bss.pullCoef_b02_pwm_initial
                0x00800533        0x1 df4iah_fw_main.o
                0x00800533                pullCoef_b02_pwm_initial
 .bss.main_checksum
                0x00800534        0x2 df4iah_fw_main.o
                0x00800534                main_checksum
 .bss.main_nmeaAltitudeM
                0x00800536        0x4 df4iah_fw_main.o
                0x00800536                main_nmeaAltitudeM
 .bss.main_nmeaPosLonSign
                0x0080053a        0x1 df4iah_fw_main.o
                0x0080053a                main_nmeaPosLonSign
 .bss.main_nmeaPosLon
                0x0080053b        0x4 df4iah_fw_main.o
                0x0080053b                main_nmeaPosLon
 .bss.main_nmeaPosLatSign
                0x0080053f        0x1 df4iah_fw_main.o
                0x0080053f                main_nmeaPosLatSign
 .bss.main_nmeaPosLat
                0x00800540        0x4 df4iah_fw_main.o
                0x00800540                main_nmeaPosLat
 .bss.main_nmeaTimeUtcMilsec
                0x00800544        0x2 df4iah_fw_main.o
                0x00800544                main_nmeaTimeUtcMilsec
 .bss.main_nmeaTimeUtcInt
                0x00800546        0x4 df4iah_fw_main.o
                0x00800546                main_nmeaTimeUtcInt
 .bss.main_nmeaDate
                0x0080054a        0x4 df4iah_fw_main.o
                0x0080054a                main_nmeaDate
 .bss.main_nmeaVdop
                0x0080054e        0x4 df4iah_fw_main.o
                0x0080054e                main_nmeaVdop
 .bss.main_nmeaHdop
                0x00800552        0x4 df4iah_fw_main.o
                0x00800552                main_nmeaHdop
 .bss.main_nmeaPdop
                0x00800556        0x4 df4iah_fw_main.o
                0x00800556                main_nmeaPdop
 .bss.main_nmeaSatsUsed
                0x0080055a        0x2 df4iah_fw_main.o
                0x0080055a                main_nmeaSatsUsed
 .bss.main_nmeaSatsEphemerisGlonass
                0x0080055c        0x2 df4iah_fw_main.o
                0x0080055c                main_nmeaSatsEphemerisGlonass
 .bss.main_nmeaSatsEphemerisGpsGalileoQzss
                0x0080055e        0x2 df4iah_fw_main.o
                0x0080055e                main_nmeaSatsEphemerisGpsGalileoQzss
 .bss.main_nmeaPosFixIndicator
                0x00800560        0x2 df4iah_fw_main.o
                0x00800560                main_nmeaPosFixIndicator
 .bss.main_nmeaMode2
                0x00800562        0x2 df4iah_fw_main.o
                0x00800562                main_nmeaMode2
 .bss.mainAdcTemp
                0x00800564        0x4 df4iah_fw_main.o
                0x00800564                mainAdcTemp
 .bss.mainAdcPhaseVolts
                0x00800568        0x4 df4iah_fw_main.o
                0x00800568                mainAdcPhaseVolts
 .bss.mainAdcPullVolts
                0x0080056c        0x4 df4iah_fw_main.o
                0x0080056c                mainAdcPullVolts
 .bss.mainPpm   0x00800570        0x4 df4iah_fw_main.o
                0x00800570                mainPpm
 .bss.ppsStampICR1_last
                0x00800574        0x2 df4iah_fw_main.o
                0x00800574                ppsStampICR1_last
 .bss.ppsStampCtr1ms_last
                0x00800576        0x4 df4iah_fw_main.o
                0x00800576                ppsStampCtr1ms_last
 .bss.ppsStampICR1
                0x0080057a        0x2 df4iah_fw_main.o
                0x0080057a                ppsStampICR1
 .bss.ppsStampCtr1ms
                0x0080057c        0x4 df4iah_fw_main.o
                0x0080057c                ppsStampCtr1ms
 .bss.usbTxStatus1
                0x00800580        0xc df4iah_fw_main.o
                0x00800580                usbTxStatus1
 .bss.mainPwmTerminalAdj
                0x0080058c        0x4 df4iah_fw_main.o
                0x0080058c                mainPwmTerminalAdj
 .bss.mainRefClkState
                0x00800590        0x1 df4iah_fw_main.o
                0x00800590                mainRefClkState
 .bss.mainCoef_b02_pwm_maxV_V
                0x00800591        0x4 df4iah_fw_main.o
                0x00800591                mainCoef_b02_pwm_maxV_V
 .bss.mainCoef_b02_pwm_minV_V
                0x00800595        0x4 df4iah_fw_main.o
                0x00800595                mainCoef_b02_pwm_minV_V
 .bss.mainCoef_b02_qrg_k_pPwmStep_25C_ppm
                0x00800599        0x4 df4iah_fw_main.o
                0x00800599                mainCoef_b02_qrg_k_pPwmStep_25C_ppm
 .bss.mainCoef_b02_qrg_ofs_maxV_25C_ppm
                0x0080059d        0x4 df4iah_fw_main.o
                0x0080059d                mainCoef_b02_qrg_ofs_maxV_25C_ppm
 .bss.mainCoef_b02_qrg_ofs_minV_25C_ppm
                0x008005a1        0x4 df4iah_fw_main.o
                0x008005a1                mainCoef_b02_qrg_ofs_minV_25C_ppm
 .bss.mainCoef_b01_temp_k_p1step_adc_K
                0x008005a5        0x4 df4iah_fw_main.o
                0x008005a5                mainCoef_b01_temp_k_p1step_adc_K
 .bss.mainCoef_b01_temp_ofs_adc_25C_steps
                0x008005a9        0x4 df4iah_fw_main.o
                0x008005a9                mainCoef_b01_temp_ofs_adc_25C_steps
 .bss.mainCoef_b01_ref_1V1_V
                0x008005ad        0x4 df4iah_fw_main.o
                0x008005ad                mainCoef_b01_ref_1V1_V
 .bss.mainCoef_b01_ref_AREF_V
                0x008005b1        0x4 df4iah_fw_main.o
                0x008005b1                mainCoef_b01_ref_AREF_V
 .bss.mainCoef_b00_dev_version
                0x008005b5        0x2 df4iah_fw_main.o
                0x008005b5                mainCoef_b00_dev_version
 .bss.mainCoef_b00_dev_serial
                0x008005b7        0x2 df4iah_fw_main.o
                0x008005b7                mainCoef_b00_dev_serial
 .bss.mainCoef_b00_dev_header
                0x008005b9       0x11 df4iah_fw_main.o
                0x008005b9                mainCoef_b00_dev_header
 .bss.doTestCntr
                0x008005ca        0x2 df4iah_fw_usb.o
 .bss.usbMsgFlags
                0x008005cc        0x1 usbdrv_fw/usbdrv.o
 *(COMMON)
 COMMON         0x008005cd      0x220 df4iah_fw_main.o
                0x008005cd                stackCheckMungWall
 COMMON         0x008007ed       0x2a usbdrv_fw/usbdrv.o
                0x008007ed                usbTxBuf
                0x008007f8                usbDeviceAddr
                0x008007f9                usbRxToken
                0x008007fa                usbInputBufOffset
                0x008007fb                usbMsgPtr
                0x008007fd                usbRxLen
                0x008007fe                usbNewDeviceAddr
                0x008007ff                usbCurrentTok
                0x00800800                usbConfiguration
                0x00800801                usbRxBuf
                0x00800817                PROVIDE (__bss_end, .)
                0x000070f2                __data_load_start = LOADADDR (.data)
                0x00007108                __data_load_end = (__data_load_start + SIZEOF (.data))

.noinit         0x00800817        0x0
                [!provide]                PROVIDE (__noinit_start, .)
 *(.noinit*)
                [!provide]                PROVIDE (__noinit_end, .)
                0x00800817                _end = .
                [!provide]                PROVIDE (__heap_start, .)

.eeprom         0x00810000      0x400
 *(.eeprom*)
 .eeprom        0x00810000      0x400 df4iah_fw_memory.o
                0x00810000                eeprom_content
                0x00810400                __eeprom_end = .

.fuse
 *(.fuse)
 *(.lfuse)
 *(.hfuse)
 *(.efuse)

.lock
 *(.lock*)

.signature
 *(.signature*)

.user_signatures
 *(.user_signatures*)

.stab
 *(.stab)

.stabstr
 *(.stabstr)

.stab.excl
 *(.stab.excl)

.stab.exclstr
 *(.stab.exclstr)

.stab.index
 *(.stab.index)

.stab.indexstr
 *(.stab.indexstr)

.comment        0x00000000       0x5c
 *(.comment)
 .comment       0x00000000       0x30 df4iah_bl_memory.o
                                 0x31 (size before relaxing)
 .comment       0x00000030       0x31 df4iah_fw_anlgComp.o
 .comment       0x00000030       0x31 df4iah_fw_clkFastCtr.o
 .comment       0x00000030       0x31 df4iah_fw_clkPullPwm.o
 .comment       0x00000030       0x31 df4iah_fw_main.o
 .comment       0x00000030       0x31 df4iah_fw_memory.o
 .comment       0x00000030       0x31 df4iah_fw_ringbuffer.o
 .comment       0x00000030       0x31 df4iah_fw_serial.o
 .comment       0x00000030       0x31 df4iah_fw_twi.o
 .comment       0x00000030       0x31 df4iah_fw_twi_mcp23017.o
 .comment       0x00000030       0x31 df4iah_fw_twi_mcp23017_av1624.o
 .comment       0x00000030       0x31 df4iah_fw_twi_smart_lcd.o
 .comment       0x00000030       0x31 df4iah_fw_usb.o
 .comment       0x00000030       0x31 usbdrv_fw/usbdrv.o
 .comment       0x00000030       0x2c c:/program files (x86)/atmel/studio/7.0/toolchain/avr8/avr8-gnu-toolchain/bin/../lib/gcc/avr/4.9.2/../../../../avr/lib/avr5\libprintf_flt.a(vfprintf_flt.o)
                                 0x2d (size before relaxing)
 .comment       0x0000005c       0x2d c:/program files (x86)/atmel/studio/7.0/toolchain/avr8/avr8-gnu-toolchain/bin/../lib/gcc/avr/4.9.2/../../../../avr/lib/avr5\libscanf_flt.a(vfscanf_flt.o)
 .comment       0x0000005c       0x31 c:/program files (x86)/atmel/studio/7.0/toolchain/avr8/avr8-gnu-toolchain/bin/../lib/gcc/avr/4.9.2/../../../../avr/lib/avr5\libc.a(fgetc.o)
 .comment       0x0000005c       0x31 c:/program files (x86)/atmel/studio/7.0/toolchain/avr8/avr8-gnu-toolchain/bin/../lib/gcc/avr/4.9.2/../../../../avr/lib/avr5\libc.a(fputc.o)
 .comment       0x0000005c       0x31 c:/program files (x86)/atmel/studio/7.0/toolchain/avr8/avr8-gnu-toolchain/bin/../lib/gcc/avr/4.9.2/../../../../avr/lib/avr5\libc.a(snprintf.o)
 .comment       0x0000005c       0x31 c:/program files (x86)/atmel/studio/7.0/toolchain/avr8/avr8-gnu-toolchain/bin/../lib/gcc/avr/4.9.2/../../../../avr/lib/avr5\libc.a(sprintf.o)
 .comment       0x0000005c       0x31 c:/program files (x86)/atmel/studio/7.0/toolchain/avr8/avr8-gnu-toolchain/bin/../lib/gcc/avr/4.9.2/../../../../avr/lib/avr5\libc.a(sscanf.o)
 .comment       0x0000005c       0x31 c:/program files (x86)/atmel/studio/7.0/toolchain/avr8/avr8-gnu-toolchain/bin/../lib/gcc/avr/4.9.2/../../../../avr/lib/avr5\libc.a(ungetc.o)

.note.gnu.avr.deviceinfo
                0x00000000       0x40
 .note.gnu.avr.deviceinfo
                0x00000000       0x40 C:/Program Files (x86)/Atmel/Studio/7.0/Packs/atmel/ATmega_DFP/1.1.130/gcc/dev/atmega328p/avr5/crtatmega328p.o

.note.gnu.build-id
 *(.note.gnu.build-id)

.debug
 *(.debug)

.line
 *(.line)

.debug_srcinfo
 *(.debug_srcinfo)

.debug_sfnames
 *(.debug_sfnames)

.debug_aranges  0x00000000       0x60
 *(.debug_aranges)
 .debug_aranges
                0x00000000       0x20 usbdrv_fw/usbdrvasm.o
 .debug_aranges
                0x00000020       0x20 C:/Program Files (x86)/Atmel/Studio/7.0/Packs/atmel/ATmega_DFP/1.1.130/gcc/dev/atmega328p/avr5\libatmega328p.a(eerd_byte.o)
 .debug_aranges
                0x00000040       0x20 C:/Program Files (x86)/Atmel/Studio/7.0/Packs/atmel/ATmega_DFP/1.1.130/gcc/dev/atmega328p/avr5\libatmega328p.a(eewr_byte.o)

.debug_pubnames
 *(.debug_pubnames)

.debug_info     0x00000000      0x800
 *(.debug_info .gnu.linkonce.wi.*)
 .debug_info    0x00000000      0x5f4 C:/Program Files (x86)/Atmel/Studio/7.0/Packs/atmel/ATmega_DFP/1.1.130/gcc/dev/atmega328p/avr5/crtatmega328p.o
 .debug_info    0x000005f4       0xb4 usbdrv_fw/usbdrvasm.o
 .debug_info    0x000006a8       0xac C:/Program Files (x86)/Atmel/Studio/7.0/Packs/atmel/ATmega_DFP/1.1.130/gcc/dev/atmega328p/avr5\libatmega328p.a(eerd_byte.o)
 .debug_info    0x00000754       0xac C:/Program Files (x86)/Atmel/Studio/7.0/Packs/atmel/ATmega_DFP/1.1.130/gcc/dev/atmega328p/avr5\libatmega328p.a(eewr_byte.o)

.debug_abbrev   0x00000000      0x5de
 *(.debug_abbrev)
 .debug_abbrev  0x00000000      0x5a2 C:/Program Files (x86)/Atmel/Studio/7.0/Packs/atmel/ATmega_DFP/1.1.130/gcc/dev/atmega328p/avr5/crtatmega328p.o
 .debug_abbrev  0x000005a2       0x14 usbdrv_fw/usbdrvasm.o
 .debug_abbrev  0x000005b6       0x14 C:/Program Files (x86)/Atmel/Studio/7.0/Packs/atmel/ATmega_DFP/1.1.130/gcc/dev/atmega328p/avr5\libatmega328p.a(eerd_byte.o)
 .debug_abbrev  0x000005ca       0x14 C:/Program Files (x86)/Atmel/Studio/7.0/Packs/atmel/ATmega_DFP/1.1.130/gcc/dev/atmega328p/avr5\libatmega328p.a(eewr_byte.o)

.debug_line     0x00000000      0x9a9
 *(.debug_line .debug_line.* .debug_line_end)
 .debug_line    0x00000000      0x133 C:/Program Files (x86)/Atmel/Studio/7.0/Packs/atmel/ATmega_DFP/1.1.130/gcc/dev/atmega328p/avr5/crtatmega328p.o
 .debug_line    0x00000133      0x75e usbdrv_fw/usbdrvasm.o
 .debug_line    0x00000891       0x7a C:/Program Files (x86)/Atmel/Studio/7.0/Packs/atmel/ATmega_DFP/1.1.130/gcc/dev/atmega328p/avr5\libatmega328p.a(eerd_byte.o)
 .debug_line    0x0000090b       0x9e C:/Program Files (x86)/Atmel/Studio/7.0/Packs/atmel/ATmega_DFP/1.1.130/gcc/dev/atmega328p/avr5\libatmega328p.a(eewr_byte.o)

.debug_frame
 *(.debug_frame)

.debug_str      0x00000000      0x208
 *(.debug_str)
 .debug_str     0x00000000      0x208 C:/Program Files (x86)/Atmel/Studio/7.0/Packs/atmel/ATmega_DFP/1.1.130/gcc/dev/atmega328p/avr5/crtatmega328p.o

.debug_loc
 *(.debug_loc)

.debug_macinfo
 *(.debug_macinfo)

.debug_weaknames
 *(.debug_weaknames)

.debug_funcnames
 *(.debug_funcnames)

.debug_typenames
 *(.debug_typenames)

.debug_varnames
 *(.debug_varnames)

.debug_pubtypes
 *(.debug_pubtypes)

.debug_ranges
 *(.debug_ranges)

.debug_macro
 *(.debug_macro)
OUTPUT(DF4IAH_10MHz_Reference_Appl.elf elf32-avr)
LOAD linker stubs

.df4iah_bl_memory
                0x00007900      0x2c8
 .df4iah_bl_memory
                0x00007900      0x2c8 df4iah_bl_memory.o
                0x00007900                memory_bl_eraseFlash
                0x00007928                memory_bl_readFlashPage
                0x00007994                memory_bl_readEEpromPage
                0x000079da                memory_bl_writeFlashPage
                0x00007b94                memory_bl_writeEEpromPage
