Archive member included to satisfy reference by file (symbol)

c:/program files (x86)/atmel/studio/7.0/toolchain/avr8/avr8-gnu-toolchain/bin/../lib/gcc/avr/4.9.2/../../../../avr/lib/avr5\libprintf_flt.a(vfprintf_flt.o)
                              (vfprintf)
c:/program files (x86)/atmel/studio/7.0/toolchain/avr8/avr8-gnu-toolchain/bin/../lib/gcc/avr/4.9.2/../../../../avr/lib/avr5\libscanf_flt.a(vfscanf_flt.o)
                              (vfscanf)
c:/program files (x86)/atmel/studio/7.0/toolchain/avr8/avr8-gnu-toolchain/bin/../lib/gcc/avr/4.9.2/avr5\libgcc.a(_udivmodqi4.o)
                              df4iah_fw_main.o (__udivmodqi4)
c:/program files (x86)/atmel/studio/7.0/toolchain/avr8/avr8-gnu-toolchain/bin/../lib/gcc/avr/4.9.2/avr5\libgcc.a(_udivmodhi4.o)
                              df4iah_fw_usb.o (__udivmodhi4)
c:/program files (x86)/atmel/studio/7.0/toolchain/avr8/avr8-gnu-toolchain/bin/../lib/gcc/avr/4.9.2/avr5\libgcc.a(_udivmodsi4.o)
                              df4iah_fw_serial.o (__udivmodsi4)
c:/program files (x86)/atmel/studio/7.0/toolchain/avr8/avr8-gnu-toolchain/bin/../lib/gcc/avr/4.9.2/avr5\libgcc.a(_divmodsi4.o)
                              df4iah_fw_main.o (__divmodsi4)
c:/program files (x86)/atmel/studio/7.0/toolchain/avr8/avr8-gnu-toolchain/bin/../lib/gcc/avr/4.9.2/avr5\libgcc.a(_negsi2.o)
                              c:/program files (x86)/atmel/studio/7.0/toolchain/avr8/avr8-gnu-toolchain/bin/../lib/gcc/avr/4.9.2/avr5\libgcc.a(_divmodsi4.o) (__negsi2)
c:/program files (x86)/atmel/studio/7.0/toolchain/avr8/avr8-gnu-toolchain/bin/../lib/gcc/avr/4.9.2/avr5\libgcc.a(_exit.o)
                              C:/Program Files (x86)/Atmel/Studio/7.0/Packs/atmel/ATmega_DFP/1.1.130/gcc/dev/atmega328p/avr5/crtatmega328p.o (exit)
c:/program files (x86)/atmel/studio/7.0/toolchain/avr8/avr8-gnu-toolchain/bin/../lib/gcc/avr/4.9.2/avr5\libgcc.a(_tablejump2.o)
                              df4iah_fw_main.o (__tablejump2__)
c:/program files (x86)/atmel/studio/7.0/toolchain/avr8/avr8-gnu-toolchain/bin/../lib/gcc/avr/4.9.2/avr5\libgcc.a(_copy_data.o)
                              df4iah_fw_main.o (__do_copy_data)
c:/program files (x86)/atmel/studio/7.0/toolchain/avr8/avr8-gnu-toolchain/bin/../lib/gcc/avr/4.9.2/avr5\libgcc.a(_clear_bss.o)
                              df4iah_fw_main.o (__do_clear_bss)
c:/program files (x86)/atmel/studio/7.0/toolchain/avr8/avr8-gnu-toolchain/bin/../lib/gcc/avr/4.9.2/avr5\libgcc.a(_muluhisi3.o)
                              df4iah_fw_main.o (__muluhisi3)
c:/program files (x86)/atmel/studio/7.0/toolchain/avr8/avr8-gnu-toolchain/bin/../lib/gcc/avr/4.9.2/avr5\libgcc.a(_prologue.o)
                              c:/program files (x86)/atmel/studio/7.0/toolchain/avr8/avr8-gnu-toolchain/bin/../lib/gcc/avr/4.9.2/../../../../avr/lib/avr5\libprintf_flt.a(vfprintf_flt.o) (__prologue_saves__)
c:/program files (x86)/atmel/studio/7.0/toolchain/avr8/avr8-gnu-toolchain/bin/../lib/gcc/avr/4.9.2/avr5\libgcc.a(_epilogue.o)
                              c:/program files (x86)/atmel/studio/7.0/toolchain/avr8/avr8-gnu-toolchain/bin/../lib/gcc/avr/4.9.2/../../../../avr/lib/avr5\libprintf_flt.a(vfprintf_flt.o) (__epilogue_restores__)
c:/program files (x86)/atmel/studio/7.0/toolchain/avr8/avr8-gnu-toolchain/bin/../lib/gcc/avr/4.9.2/avr5\libgcc.a(_umulhisi3.o)
                              c:/program files (x86)/atmel/studio/7.0/toolchain/avr8/avr8-gnu-toolchain/bin/../lib/gcc/avr/4.9.2/avr5\libgcc.a(_muluhisi3.o) (__umulhisi3)
c:/program files (x86)/atmel/studio/7.0/toolchain/avr8/avr8-gnu-toolchain/bin/../lib/gcc/avr/4.9.2/../../../../avr/lib/avr5\libm.a(addsf3.o)
                              df4iah_fw_main.o (__subsf3)
c:/program files (x86)/atmel/studio/7.0/toolchain/avr8/avr8-gnu-toolchain/bin/../lib/gcc/avr/4.9.2/../../../../avr/lib/avr5\libm.a(addsf3x.o)
                              c:/program files (x86)/atmel/studio/7.0/toolchain/avr8/avr8-gnu-toolchain/bin/../lib/gcc/avr/4.9.2/../../../../avr/lib/avr5\libm.a(addsf3.o) (__addsf3x)
c:/program files (x86)/atmel/studio/7.0/toolchain/avr8/avr8-gnu-toolchain/bin/../lib/gcc/avr/4.9.2/../../../../avr/lib/avr5\libm.a(cmpsf2.o)
                              df4iah_fw_main.o (__nesf2)
c:/program files (x86)/atmel/studio/7.0/toolchain/avr8/avr8-gnu-toolchain/bin/../lib/gcc/avr/4.9.2/../../../../avr/lib/avr5\libm.a(divsf3.o)
                              df4iah_fw_main.o (__divsf3)
c:/program files (x86)/atmel/studio/7.0/toolchain/avr8/avr8-gnu-toolchain/bin/../lib/gcc/avr/4.9.2/../../../../avr/lib/avr5\libm.a(divsf3x.o)
                              c:/program files (x86)/atmel/studio/7.0/toolchain/avr8/avr8-gnu-toolchain/bin/../lib/gcc/avr/4.9.2/../../../../avr/lib/avr5\libm.a(divsf3.o) (__divsf3x)
c:/program files (x86)/atmel/studio/7.0/toolchain/avr8/avr8-gnu-toolchain/bin/../lib/gcc/avr/4.9.2/../../../../avr/lib/avr5\libm.a(fixunssfsi.o)
                              df4iah_fw_main.o (__fixunssfsi)
[...]
Memory Configuration

Name             Origin             Length             Attributes
text             0x00000000         0x00020000         xr
data             0x00800060         0x0000ffa0         rw !x
eeprom           0x00810000         0x00010000         rw !x
fuse             0x00820000         0x00000003         rw !x
lock             0x00830000         0x00000400         rw !x
signature        0x00840000         0x00000400         rw !x
user_signatures  0x00850000         0x00000400         rw !x
*default*        0x00000000         0xffffffff

Linker script and memory map

Address of section .data set to 0x800100
LOAD C:/Program Files (x86)/Atmel/Studio/7.0/Packs/atmel/ATmega_DFP/1.1.130/gcc/dev/atmega328p/avr5/crtatmega328p.o
LOAD df4iah_bl_memory.o
LOAD df4iah_fw_anlgComp.o
LOAD df4iah_fw_clkFastCtr.o
LOAD df4iah_fw_clkPullPwm.o
LOAD df4iah_fw_main.o
LOAD df4iah_fw_memory.o
LOAD df4iah_fw_ringbuffer.o
LOAD df4iah_fw_serial.o
LOAD df4iah_fw_twi.o
LOAD df4iah_fw_twi_mcp23017.o
LOAD df4iah_fw_twi_mcp23017_av1624.o
LOAD df4iah_fw_usb.o
LOAD usbdrv_fw/oddebug.o
LOAD usbdrv_fw/usbdrv.o
LOAD usbdrv_fw/usbdrvasm.o
START GROUP
LOAD c:/program files (x86)/atmel/studio/7.0/toolchain/avr8/avr8-gnu-toolchain/bin/../lib/gcc/avr/4.9.2/../../../../avr/lib/avr5\libprintf_flt.a
LOAD c:/program files (x86)/atmel/studio/7.0/toolchain/avr8/avr8-gnu-toolchain/bin/../lib/gcc/avr/4.9.2/../../../../avr/lib/avr5\libscanf_flt.a
END GROUP
Address of section .df4iah_bl_memory set to 0x7900
START GROUP
LOAD c:/program files (x86)/atmel/studio/7.0/toolchain/avr8/avr8-gnu-toolchain/bin/../lib/gcc/avr/4.9.2/avr5\libgcc.a
LOAD c:/program files (x86)/atmel/studio/7.0/toolchain/avr8/avr8-gnu-toolchain/bin/../lib/gcc/avr/4.9.2/../../../../avr/lib/avr5\libm.a
LOAD c:/program files (x86)/atmel/studio/7.0/toolchain/avr8/avr8-gnu-toolchain/bin/../lib/gcc/avr/4.9.2/../../../../avr/lib/avr5\libc.a
LOAD C:/Program Files (x86)/Atmel/Studio/7.0/Packs/atmel/ATmega_DFP/1.1.130/gcc/dev/atmega328p/avr5\libatmega328p.a
END GROUP
                0x00020000                __TEXT_REGION_LENGTH__ = DEFINED (__TEXT_REGION_LENGTH__)?__TEXT_REGION_LENGTH__:0x20000
                0x0000ffa0                __DATA_REGION_LENGTH__ = DEFINED (__DATA_REGION_LENGTH__)?__DATA_REGION_LENGTH__:0xffa0
                0x00010000                __EEPROM_REGION_LENGTH__ = DEFINED (__EEPROM_REGION_LENGTH__)?__EEPROM_REGION_LENGTH__:0x10000
                [0x00000003]                __FUSE_REGION_LENGTH__ = DEFINED (__FUSE_REGION_LENGTH__)?__FUSE_REGION_LENGTH__:0x400
                0x00000400                __LOCK_REGION_LENGTH__ = DEFINED (__LOCK_REGION_LENGTH__)?__LOCK_REGION_LENGTH__:0x400
                0x00000400                __SIGNATURE_REGION_LENGTH__ = DEFINED (__SIGNATURE_REGION_LENGTH__)?__SIGNATURE_REGION_LENGTH__:0x400
                0x00000400                __USER_SIGNATURE_REGION_LENGTH__ = DEFINED (__USER_SIGNATURE_REGION_LENGTH__)?__USER_SIGNATURE_REGION_LENGTH__:0x400

.hash
 *(.hash)

.dynsym
 *(.dynsym)

.dynstr
 *(.dynstr)

.gnu.version
 *(.gnu.version)

.gnu.version_d
 *(.gnu.version_d)

.gnu.version_r
 *(.gnu.version_r)

.rel.init
 *(.rel.init)

.rela.init
 *(.rela.init)

.rel.text
 *(.rel.text)
 *(.rel.text.*)
 *(.rel.gnu.linkonce.t*)

.rela.text
 *(.rela.text)
 *(.rela.text.*)
 *(.rela.gnu.linkonce.t*)

.rel.fini
 *(.rel.fini)

.rela.fini
 *(.rela.fini)

.rel.rodata
 *(.rel.rodata)
 *(.rel.rodata.*)
 *(.rel.gnu.linkonce.r*)

.rela.rodata
 *(.rela.rodata)
 *(.rela.rodata.*)
 *(.rela.gnu.linkonce.r*)

.rel.data
 *(.rel.data)
 *(.rel.data.*)
 *(.rel.gnu.linkonce.d*)

.rela.data
 *(.rela.data)
 *(.rela.data.*)
 *(.rela.gnu.linkonce.d*)

.rel.ctors
 *(.rel.ctors)

.rela.ctors
 *(.rela.ctors)

.rel.dtors
 *(.rel.dtors)

.rela.dtors
 *(.rela.dtors)

.rel.got
 *(.rel.got)

.rela.got
 *(.rela.got)

.rel.bss
 *(.rel.bss)

.rela.bss
 *(.rela.bss)

.rel.plt
 *(.rel.plt)

.rela.plt
 *(.rela.plt)

.text           0x00000000     0x6fda
 *(.vectors)
 .vectors       0x00000000       0x68 C:/Program Files (x86)/Atmel/Studio/7.0/Packs/atmel/ATmega_DFP/1.1.130/gcc/dev/atmega328p/avr5/crtatmega328p.o
                0x00000000                __vector_default
                0x00000000                __vectors
 *(.vectors)
 *(.progmem.gcc*)
 .progmem.gcc_sw_table.main_fw_giveAway
                0x00000068       0x1a df4iah_fw_main.o
 .progmem.gcc_fplib
                0x00000082       0x28 c:/program files (x86)/atmel/studio/7.0/toolchain/avr8/avr8-gnu-toolchain/bin/../lib/gcc/avr/4.9.2/../../../../avr/lib/avr5\libm.a(exp.o)
 .progmem.gcc_fplib
                0x000000aa       0x5a c:/program files (x86)/atmel/studio/7.0/toolchain/avr8/avr8-gnu-toolchain/bin/../lib/gcc/avr/4.9.2/../../../../avr/lib/avr5\libm.a(log.o)
                0x00000104                . = ALIGN (0x2)
                0x00000104                __trampolines_start = .
 *(.trampolines)
 .trampolines   0x00000104        0x0 linker stubs
 *(.trampolines*)
                0x00000104                __trampolines_end = .
 *libprintf_flt.a:*(.progmem.data)
 .progmem.data  0x00000104        0x8 c:/program files (x86)/atmel/studio/7.0/toolchain/avr8/avr8-gnu-toolchain/bin/../lib/gcc/avr/4.9.2/../../../../avr/lib/avr5\libprintf_flt.a(vfprintf_flt.o)
 *libc.a:*(.progmem.data)
 .progmem.data  0x0000010c       0xfa c:/program files (x86)/atmel/studio/7.0/toolchain/avr8/avr8-gnu-toolchain/bin/../lib/gcc/avr/4.9.2/../../../../avr/lib/avr5\libc.a(ftoa_engine.o)
 *(.progmem*)
 .progmem.data.PM_PARSE_NMEA_MSG41
                0x00000206       0x11 df4iah_fw_main.o
                0x00000206                PM_PARSE_NMEA_MSG41
 .progmem.data.PM_PARSE_NMEA_MSG31
                0x00000217       0x11 df4iah_fw_main.o
                0x00000217                PM_PARSE_NMEA_MSG31
 .progmem.data.PM_PARSE_NMEA_MSG21
                0x00000228       0x33 df4iah_fw_main.o
                0x00000228                PM_PARSE_NMEA_MSG21
 .progmem.data.PM_PARSE_NMEA_MSG12
                0x0000025b        0xc df4iah_fw_main.o
                0x0000025b                PM_PARSE_NMEA_MSG12
 .progmem.data.PM_PARSE_NMEA_MSG11
                0x00000267        0xf df4iah_fw_main.o
                0x00000267                PM_PARSE_NMEA_MSG11
 .progmem.data.PM_PARSE_NMEA_MSG01
                0x00000276       0x3d df4iah_fw_main.o
                0x00000276                PM_PARSE_NMEA_MSG01
 .progmem.data.PM_FORMAT_SET_BAUD
                0x000002b3       0x2a df4iah_fw_main.o
                0x000002b3                PM_FORMAT_SET_BAUD
 .progmem.data.PM_FORMAT_GPIB_SCM_IDN
                0x000002dd       0x1c df4iah_fw_main.o
                0x000002dd                PM_FORMAT_GPIB_SCM_IDN
 .progmem.data.PM_FORMAT_SC02
                0x000002f9       0x3d df4iah_fw_main.o
                0x000002f9                PM_FORMAT_SC02
 .progmem.data.PM_FORMAT_SC01
                0x00000336       0x45 df4iah_fw_main.o
                0x00000336                PM_FORMAT_SC01
 .progmem.data.PM_FORMAT_LC23
                0x0000037b       0x13 df4iah_fw_main.o
                0x0000037b                PM_FORMAT_LC23
 .progmem.data.PM_FORMAT_LC22
                0x0000038e       0x20 df4iah_fw_main.o
                0x0000038e                PM_FORMAT_LC22
 .progmem.data.PM_FORMAT_LC21
                0x000003ae       0x1c df4iah_fw_main.o
                0x000003ae                PM_FORMAT_LC21
 .progmem.data.PM_FORMAT_LC12
                0x000003ca       0x18 df4iah_fw_main.o
                0x000003ca                PM_FORMAT_LC12
 .progmem.data.PM_FORMAT_LC11
                0x000003e2       0x18 df4iah_fw_main.o
                0x000003e2                PM_FORMAT_LC11
 .progmem.data.PM_FORMAT_LC02
                0x000003fa       0x11 df4iah_fw_main.o
                0x000003fa                PM_FORMAT_LC02
 .progmem.data.PM_FORMAT_LC01
                0x0000040b       0x11 df4iah_fw_main.o
                0x0000040b                PM_FORMAT_LC01
 .progmem.data.PM_FORMAT_IA12
                0x0000041c       0x30 df4iah_fw_main.o
                0x0000041c                PM_FORMAT_IA12
 .progmem.data.PM_FORMAT_IA11
                0x0000044c       0x60 df4iah_fw_main.o
                0x0000044c                PM_FORMAT_IA11
 .progmem.data.PM_FORMAT_IA03
                0x000004ac       0x41 df4iah_fw_main.o
                0x000004ac                PM_FORMAT_IA03
 .progmem.data.PM_FORMAT_IA02
                0x000004ed       0x68 df4iah_fw_main.o
                0x000004ed                PM_FORMAT_IA02
 .progmem.data.PM_FORMAT_IA01
                0x00000555       0x3a df4iah_fw_main.o
                0x00000555                PM_FORMAT_IA01
 .progmem.data.PM_FORMAT_ID02
                0x0000058f       0x66 df4iah_fw_main.o
                0x0000058f                PM_FORMAT_ID02
 .progmem.data.PM_FORMAT_ID01
                0x000005f5       0x66 df4iah_fw_main.o
                0x000005f5                PM_FORMAT_ID01
 .progmem.data.PM_FORMAT_TA14
                0x0000065b       0x20 df4iah_fw_main.o
                0x0000065b                PM_FORMAT_TA14
 .progmem.data.PM_FORMAT_TA13
                0x0000067b       0x24 df4iah_fw_main.o
                0x0000067b                PM_FORMAT_TA13
 .progmem.data.PM_FORMAT_TA12
                0x0000069f       0x74 df4iah_fw_main.o
                0x0000069f                PM_FORMAT_TA12
 .progmem.data.PM_FORMAT_TA11
                0x00000713       0x38 df4iah_fw_main.o
                0x00000713                PM_FORMAT_TA11
 .progmem.data.PM_FORMAT_TA03
                0x0000074b       0x1d df4iah_fw_main.o
                0x0000074b                PM_FORMAT_TA03
 .progmem.data.PM_FORMAT_TA02
                0x00000768       0x1d df4iah_fw_main.o
                0x00000768                PM_FORMAT_TA02
 .progmem.data.PM_FORMAT_TA01
                0x00000785       0x1d df4iah_fw_main.o
                0x00000785                PM_FORMAT_TA01
 .progmem.data.PM_FORMAT_GP05
                0x000007a2       0x3b df4iah_fw_main.o
                0x000007a2                PM_FORMAT_GP05
 .progmem.data.PM_FORMAT_GP04
                0x000007dd       0x2f df4iah_fw_main.o
                0x000007dd                PM_FORMAT_GP04
 .progmem.data.PM_FORMAT_GP03
                0x0000080c       0x53 df4iah_fw_main.o
                0x0000080c                PM_FORMAT_GP03
 .progmem.data.PM_FORMAT_GP02
                0x0000085f       0x25 df4iah_fw_main.o
                0x0000085f                PM_FORMAT_GP02
 .progmem.data.PM_FORMAT_GP01
                0x00000884       0x28 df4iah_fw_main.o
                0x00000884                PM_FORMAT_GP01
 .progmem.data.PM_FORMAT_GP00
                0x000008ac       0x10 df4iah_fw_main.o
                0x000008ac                PM_FORMAT_GP00
 .progmem.data.PM_FORMAT_GPS_WEST1_EAST1
                0x000008bc       0x12 df4iah_fw_main.o
                0x000008bc                PM_FORMAT_GPS_WEST1_EAST1
 .progmem.data.PM_FORMAT_GPS_WEST1_EAST0
                0x000008ce       0x12 df4iah_fw_main.o
                0x000008ce                PM_FORMAT_GPS_WEST1_EAST0
 .progmem.data.PM_FORMAT_GPS_WEST0_EAST0
                0x000008e0       0x12 df4iah_fw_main.o
                0x000008e0                PM_FORMAT_GPS_WEST0_EAST0
 .progmem.data.PM_FORMAT_GPS_STBY
                0x000008f2       0x10 df4iah_fw_main.o
                0x000008f2                PM_FORMAT_GPS_STBY
 .progmem.data.PM_FORMAT_GPS_WARM_RESTART
                0x00000902        0xe df4iah_fw_main.o
                0x00000902                PM_FORMAT_GPS_WARM_RESTART
 .progmem.data.PM_FORMAT_VERSION
                0x00000910       0x42 df4iah_fw_main.o
                0x00000910                PM_FORMAT_VERSION
 .progmem.data.PM_INTERPRETER_UNKNOWN
                0x00000952       0x31 df4iah_fw_main.o
                0x00000952                PM_INTERPRETER_UNKNOWN
 .progmem.data.PM_INTERPRETER_HELP14
                0x00000983        0xf df4iah_fw_main.o
                0x00000983                PM_INTERPRETER_HELP14
 .progmem.data.PM_INTERPRETER_HELP13
                0x00000992       0x30 df4iah_fw_main.o
                0x00000992                PM_INTERPRETER_HELP13
 .progmem.data.PM_INTERPRETER_HELP12
                0x000009c2       0x74 df4iah_fw_main.o
                0x000009c2                PM_INTERPRETER_HELP12
 .progmem.data.PM_INTERPRETER_HELP11
                0x00000a36       0x1f df4iah_fw_main.o
                0x00000a36                PM_INTERPRETER_HELP11
 .progmem.data.PM_INTERPRETER_HELP10
                0x00000a55       0x28 df4iah_fw_main.o
                0x00000a55                PM_INTERPRETER_HELP10
 .progmem.data.PM_INTERPRETER_HELP09
                0x00000a7d       0x55 df4iah_fw_main.o
                0x00000a7d                PM_INTERPRETER_HELP09
 .progmem.data.PM_INTERPRETER_HELP08
                0x00000ad2       0x2c df4iah_fw_main.o
                0x00000ad2                PM_INTERPRETER_HELP08
 .progmem.data.PM_INTERPRETER_HELP07
                0x00000afe       0x3f df4iah_fw_main.o
                0x00000afe                PM_INTERPRETER_HELP07
 .progmem.data.PM_INTERPRETER_HELP06
                0x00000b3d       0x2b df4iah_fw_main.o
                0x00000b3d                PM_INTERPRETER_HELP06
 .progmem.data.PM_INTERPRETER_HELP05
                0x00000b68       0x17 df4iah_fw_main.o
                0x00000b68                PM_INTERPRETER_HELP05
 .progmem.data.PM_INTERPRETER_HELP04
                0x00000b7f       0x2e df4iah_fw_main.o
                0x00000b7f                PM_INTERPRETER_HELP04
 .progmem.data.PM_INTERPRETER_HELP03
                0x00000bad       0x67 df4iah_fw_main.o
                0x00000bad                PM_INTERPRETER_HELP03
 .progmem.data.PM_INTERPRETER_HELP02
                0x00000c14       0x6f df4iah_fw_main.o
                0x00000c14                PM_INTERPRETER_HELP02
 .progmem.data.PM_INTERPRETER_HELP01
                0x00000c83       0x42 df4iah_fw_main.o
                0x00000c83                PM_INTERPRETER_HELP01
 .progmem.data.PM_GPIB_SCM_IDN
                0x00000cc5        0x6 df4iah_fw_main.o
                0x00000cc5                PM_GPIB_SCM_IDN
 .progmem.data.PM_COMMAND_WRITETEMP
                0x00000ccb        0xa df4iah_fw_main.o
                0x00000ccb                PM_COMMAND_WRITETEMP
 .progmem.data.PM_COMMAND_WRITEPWM
                0x00000cd5        0x9 df4iah_fw_main.o
                0x00000cd5                PM_COMMAND_WRITEPWM
 .progmem.data.PM_COMMAND_TEST
                0x00000cde        0x5 df4iah_fw_main.o
                0x00000cde                PM_COMMAND_TEST
 .progmem.data.PM_COMMAND_STACK
                0x00000ce3        0x6 df4iah_fw_main.o
                0x00000ce3                PM_COMMAND_STACK
 .progmem.data.PM_COMMAND_SERON
                0x00000ce9        0x6 df4iah_fw_main.o
                0x00000ce9                PM_COMMAND_SERON
 .progmem.data.PM_COMMAND_SEROFF
                0x00000cef        0x7 df4iah_fw_main.o
                0x00000cef                PM_COMMAND_SEROFF
 .progmem.data.PM_COMMAND_SERBAUD
                0x00000cf6        0x8 df4iah_fw_main.o
                0x00000cf6                PM_COMMAND_SERBAUD
 .progmem.data.PM_COMMAND_LEDON
                0x00000cfe        0x6 df4iah_fw_main.o
                0x00000cfe                PM_COMMAND_LEDON
 .progmem.data.PM_COMMAND_LEDOFF
                0x00000d04        0x7 df4iah_fw_main.o
                0x00000d04                PM_COMMAND_LEDOFF
 .progmem.data.PM_COMMAND_INFO
                0x00000d0b        0x5 df4iah_fw_main.o
                0x00000d0b                PM_COMMAND_INFO
 .progmem.data.PM_COMMAND_HELP
                0x00000d10        0x5 df4iah_fw_main.o
                0x00000d10                PM_COMMAND_HELP
 .progmem.data.PM_COMMAND_HALT
                0x00000d15        0x5 df4iah_fw_main.o
                0x00000d15                PM_COMMAND_HALT
 .progmem.data.PM_COMMAND_APCON
                0x00000d1a        0x6 df4iah_fw_main.o
                0x00000d1a                PM_COMMAND_APCON
 .progmem.data.PM_COMMAND_APCOFF
                0x00000d20        0x7 df4iah_fw_main.o
                0x00000d20                PM_COMMAND_APCOFF
 .progmem.data.PM_COMMAND_AFCON
                0x00000d27        0x6 df4iah_fw_main.o
                0x00000d27                PM_COMMAND_AFCON
 .progmem.data.PM_COMMAND_AFCOFF
                0x00000d2d        0x7 df4iah_fw_main.o
                0x00000d2d                PM_COMMAND_AFCOFF
 .progmem.data.eeprom_defaultValues_content
                0x00000d34       0xa0 df4iah_fw_main.o
                0x00000d34                eeprom_defaultValues_content
 .progmem.data.usbDescriptorConfiguration
                0x00000dd4       0x19 usbdrv_fw/usbdrv.o
                0x00000dd4                usbDescriptorConfiguration
 .progmem.data.usbDescriptorDevice
                0x00000ded       0x12 usbdrv_fw/usbdrv.o
                0x00000ded                usbDescriptorDevice
 .progmem.data.usbDescriptorStringSerialNumber
                0x00000dff       0x10 usbdrv_fw/usbdrv.o
                0x00000dff                usbDescriptorStringSerialNumber
 .progmem.data.usbDescriptorStringDevice
                0x00000e0f       0x2a usbdrv_fw/usbdrv.o
                0x00000e0f                usbDescriptorStringDevice
 .progmem.data.usbDescriptorStringVendor
                0x00000e39        0xe usbdrv_fw/usbdrv.o
                0x00000e39                usbDescriptorStringVendor
 .progmem.data.usbDescriptorString0
                0x00000e47        0x4 usbdrv_fw/usbdrv.o
                0x00000e47                usbDescriptorString0
 .progmem.data  0x00000e4b       0x4d c:/program files (x86)/atmel/studio/7.0/toolchain/avr8/avr8-gnu-toolchain/bin/../lib/gcc/avr/4.9.2/../../../../avr/lib/avr5\libscanf_flt.a(vfscanf_flt.o)
                0x00000e98                . = ALIGN (0x2)
 *(.jumptables)
 *(.jumptables*)
 *(.lowtext)
 *(.lowtext*)
                0x00000e98                __ctors_start = .
 *(.ctors)
                0x00000e98                __ctors_end = .
                0x00000e98                __dtors_start = .
 *(.dtors)
                0x00000e98                __dtors_end = .
 SORT(*)(.ctors)
 SORT(*)(.dtors)
 *(.init0)
 .init0         0x00000e98        0x0 C:/Program Files (x86)/Atmel/Studio/7.0/Packs/atmel/ATmega_DFP/1.1.130/gcc/dev/atmega328p/avr5/crtatmega328p.o
                0x00000e98                __init
 *(.init0)
 *(.init1)
 *(.init1)
 *(.init2)
 .init2         0x00000e98        0xc C:/Program Files (x86)/Atmel/Studio/7.0/Packs/atmel/ATmega_DFP/1.1.130/gcc/dev/atmega328p/avr5/crtatmega328p.o
 *(.init2)
 *(.init3)
 *(.init3)
 *(.init4)
 .init4         0x00000ea4       0x16 c:/program files (x86)/atmel/studio/7.0/toolchain/avr8/avr8-gnu-toolchain/bin/../lib/gcc/avr/4.9.2/avr5\libgcc.a(_copy_data.o)
                0x00000ea4                __do_copy_data
 .init4         0x00000eba       0x10 c:/program files (x86)/atmel/studio/7.0/toolchain/avr8/avr8-gnu-toolchain/bin/../lib/gcc/avr/4.9.2/avr5\libgcc.a(_clear_bss.o)
                0x00000eba                __do_clear_bss
 *(.init4)
 *(.init5)
 *(.init5)
 *(.init6)
 *(.init6)
 *(.init7)
 *(.init7)
 *(.init8)
 *(.init8)
 *(.init9)
 .init9         0x00000eca        0x8 C:/Program Files (x86)/Atmel/Studio/7.0/Packs/atmel/ATmega_DFP/1.1.130/gcc/dev/atmega328p/avr5/crtatmega328p.o
 *(.init9)
 *(.text)
 .text          0x00000ed2        0x4 C:/Program Files (x86)/Atmel/Studio/7.0/Packs/atmel/ATmega_DFP/1.1.130/gcc/dev/atmega328p/avr5/crtatmega328p.o
                0x00000ed2                __vector_22
                0x00000ed2                __vector_12
                0x00000ed2                __bad_interrupt
                0x00000ed2                __vector_3
                0x00000ed2                __vector_23
                0x00000ed2                __vector_25
                0x00000ed2                __vector_13
                0x00000ed2                __vector_17
                0x00000ed2                __vector_7
                0x00000ed2                __vector_5
                0x00000ed2                __vector_4
                0x00000ed2                __vector_9
                0x00000ed2                __vector_2
                0x00000ed2                __vector_15
                0x00000ed2                __vector_8
                0x00000ed2                __vector_14
 .text          0x00000ed6      0x282 usbdrv_fw/usbdrvasm.o
                0x00000ed6                usbCrc16
                0x00000f20                usbCrc16Append
                0x00000f28                __vector_1
                0x00001158                . = ALIGN (0x2)
 *(.text.*)
 .text.anlgComp_fw_init
                0x00001158       0x52 df4iah_fw_anlgComp.o
                0x00001158                anlgComp_fw_init
 .text.anlgComp_fw_close
                0x000011aa       0x22 df4iah_fw_anlgComp.o
                0x000011aa                anlgComp_fw_close
 .text.anlgComp_fw_startAdcConvertion
                0x000011cc        0xc df4iah_fw_anlgComp.o
                0x000011cc                anlgComp_fw_startAdcConvertion
 .text.__vector_21
                0x000011d8       0xcc df4iah_fw_anlgComp.o
                0x000011d8                __vector_21
 .text.clkFastCtr_fw_init
                0x000012a4       0x30 df4iah_fw_clkFastCtr.o
                0x000012a4                clkFastCtr_fw_init
 .text.clkFastCtr_fw_close
                0x000012d4       0x14 df4iah_fw_clkFastCtr.o
                0x000012d4                clkFastCtr_fw_close
 .text.__vector_11
                0x000012e8       0x7e df4iah_fw_clkFastCtr.o
                0x000012e8                __vector_11
 .text.__vector_10
                0x00001366       0x7c df4iah_fw_clkFastCtr.o
                0x00001366                __vector_10
 .text.clkPullPwm_fw_init
                0x000013e2       0x64 df4iah_fw_clkPullPwm.o
                0x000013e2                clkPullPwm_fw_init
 .text.clkPullPwm_fw_close
                0x00001446       0x1a df4iah_fw_clkPullPwm.o
                0x00001446                clkPullPwm_fw_close
 .text.__vector_16
                0x00001460       0x70 df4iah_fw_clkPullPwm.o
                0x00001460                __vector_16
 .text.unlikely.recalcEepromCrc
                0x000014d0       0x3e df4iah_fw_main.o
 .text.__vector_6
                0x0000150e        0x2 df4iah_fw_main.o
                0x0000150e                __vector_6
 .text.main_fw_calcTimerAdj
                0x00001510      0x13c df4iah_fw_main.o
                0x00001510                main_fw_calcTimerAdj
 .text.calcPhaseResidue
                0x0000164c       0x9e df4iah_fw_main.o
 .text.main_fw_strncmp
                0x000016ea       0x2e df4iah_fw_main.o
                0x000016ea                main_fw_strncmp
 .text.main_fw_memcmp
                0x00001718       0x2e df4iah_fw_main.o
                0x00001718                main_fw_memcmp
 .text.main_fw_nmeaUtcPlusOneSec
                0x00001746       0xb8 df4iah_fw_main.o
                0x00001746                main_fw_nmeaUtcPlusOneSec
 .text.main_fw_parseNmeaLineData
                0x000017fe      0x2f6 df4iah_fw_main.o
                0x000017fe                main_fw_parseNmeaLineData
 .text.main_fw_sendInitialHelp
                0x00001af4        0xe df4iah_fw_main.o
                0x00001af4                main_fw_sendInitialHelp
 .text.main_fw_giveAway
                0x00001b02     0x1de2 df4iah_fw_main.o
                0x00001b02                main_fw_giveAway
 .text.startup.main
                0x000038e4      0x2a4 df4iah_fw_main.o
                0x000038e4                main
 .text.memory_fw_copyBuffer
                0x00003b88       0x46 df4iah_fw_memory.o
                0x00003b88                memory_fw_copyBuffer
 .text.memory_fw_getSealMarker
                0x00003bce        0xe df4iah_fw_memory.o
                0x00003bce                memory_fw_getSealMarker
 .text.memory_fw_makeEepromBlockValid
                0x00003bdc       0x4e df4iah_fw_memory.o
                0x00003bdc                memory_fw_makeEepromBlockValid
 .text.memory_fw_readEEpromPage
                0x00003c2a       0x46 df4iah_fw_memory.o
                0x00003c2a                memory_fw_readEEpromPage
 .text.memory_fw_isEepromBlockValid
                0x00003c70       0x32 df4iah_fw_memory.o
                0x00003c70                memory_fw_isEepromBlockValid
 .text.memory_fw_readEepromValidBlock
                0x00003ca2       0x3e df4iah_fw_memory.o
                0x00003ca2                memory_fw_readEepromValidBlock
 .text.memory_fw_writeEEpromPage
                0x00003ce0       0x34 df4iah_fw_memory.o
                0x00003ce0                memory_fw_writeEEpromPage
 .text.memory_fw_writeEepromBlockMakeValid
                0x00003d14       0x30 df4iah_fw_memory.o
                0x00003d14                memory_fw_writeEepromBlockMakeValid
 .text.memory_fw_checkAndInitBlock
                0x00003d44       0x6a df4iah_fw_memory.o
                0x00003d44                memory_fw_checkAndInitBlock
 .text.memory_fw_checkAndInitAllBlocks
                0x00003dae       0x1e df4iah_fw_memory.o
                0x00003dae                memory_fw_checkAndInitAllBlocks
 .text.ringbuffer_fw_getSemaphore
                0x00003dcc       0x22 df4iah_fw_ringbuffer.o
                0x00003dcc                ringbuffer_fw_getSemaphore
 .text.ringbuffer_fw_freeSemaphore
                0x00003dee       0x18 df4iah_fw_ringbuffer.o
                0x00003dee                ringbuffer_fw_freeSemaphore
 .text.ringbuffer_fw_ringBufferPush
                0x00003e06      0x134 df4iah_fw_ringbuffer.o
                0x00003e06                ringbuffer_fw_ringBufferPush
 .text.ringbuffer_fw_ringBufferPull
                0x00003f3a      0x110 df4iah_fw_ringbuffer.o
                0x00003f3a                ringbuffer_fw_ringBufferPull
 .text.ringbuffer_fw_getStatusNextMsg
                0x0000404a       0x46 df4iah_fw_ringbuffer.o
                0x0000404a                ringbuffer_fw_getStatusNextMsg
 .text.ringbuffer_fw_ringBufferWaitFreeAndKeepSemaphore
                0x00004090       0x48 df4iah_fw_ringbuffer.o
                0x00004090                ringbuffer_fw_ringBufferWaitFreeAndKeepSemaphore
 .text.ringbuffer_fw_ringBufferWaitAppend
                0x000040d8       0x48 df4iah_fw_ringbuffer.o
                0x000040d8                ringbuffer_fw_ringBufferWaitAppend
 .text.serial_fw_sendNmea
                0x00004120       0x34 df4iah_fw_serial.o
 .text.serial_fw_serRxIsrOn.part.0
                0x00004154       0x12 df4iah_fw_serial.o
 .text.serial_fw_close
                0x00004166       0x1e df4iah_fw_serial.o
                0x00004166                serial_fw_close
 .text.serial_fw_setCommBaud
                0x00004184       0x40 df4iah_fw_serial.o
                0x00004184                serial_fw_setCommBaud
 .text.serial_fw_init
                0x000041c4       0x9a df4iah_fw_serial.o
                0x000041c4                serial_fw_init
 .text.serial_fw_isTxRunning
                0x0000425e        0xe df4iah_fw_serial.o
                0x0000425e                serial_fw_isTxRunning
 .text.serial_fw_copyAndSendNmea
                0x0000426c       0x28 df4iah_fw_serial.o
                0x0000426c                serial_fw_copyAndSendNmea
 .text.serial_fw_pullAndSendNmea_havingSemaphore
                0x00004294       0x8e df4iah_fw_serial.o
                0x00004294                serial_fw_pullAndSendNmea_havingSemaphore
 .text.__vector_18
                0x00004322      0x104 df4iah_fw_serial.o
                0x00004322                __vector_18
 .text.__vector_19
                0x00004426       0x80 df4iah_fw_serial.o
                0x00004426                __vector_19
 .text.__vector_20
                0x000044a6       0x16 df4iah_fw_serial.o
                0x000044a6                __vector_20
 .text.waitUntilDone
                0x000044bc       0x1a df4iah_fw_twi.o
 .text.twi_fw_init
                0x000044d6       0x2e df4iah_fw_twi.o
                0x000044d6                twi_fw_init
 .text.twi_fw_close
                0x00004504       0x16 df4iah_fw_twi.o
                0x00004504                twi_fw_close
 .text.twi_fw_sendStart
                0x0000451a       0x72 df4iah_fw_twi.o
                0x0000451a                twi_fw_sendStart
 .text.twi_fw_sendCmdSendData1
                0x0000458c       0x74 df4iah_fw_twi.o
                0x0000458c                twi_fw_sendCmdSendData1
 .text.twi_fw_sendCmdSendData1SendData2
                0x00004600       0x8e df4iah_fw_twi.o
                0x00004600                twi_fw_sendCmdSendData1SendData2
 .text.twi_fw_sendCmdReadData1
                0x0000468e       0xa4 df4iah_fw_twi.o
                0x0000468e                twi_fw_sendCmdReadData1
 .text.isr_sendStop
                0x00004732       0x28 df4iah_fw_twi.o
                0x00004732                isr_sendStop
 .text.__vector_24
                0x0000475a      0x1fa df4iah_fw_twi.o
                0x0000475a                __vector_24
 .text.twi_mcp23017_fw_init
                0x00004954       0x6a df4iah_fw_twi_mcp23017.o
                0x00004954                twi_mcp23017_fw_init
 .text.twi_mcp23017_fw_close
                0x000049be       0x24 df4iah_fw_twi_mcp23017.o
                0x000049be                twi_mcp23017_fw_close
 .text.twi_mcp23017_fw_setPortA_DirOut
                0x000049e2       0x12 df4iah_fw_twi_mcp23017.o
                0x000049e2                twi_mcp23017_fw_setPortA_DirOut
 .text.twi_mcp23017_fw_setPortB
                0x000049f4        0xa df4iah_fw_twi_mcp23017.o
                0x000049f4                twi_mcp23017_fw_setPortB
 .text.twi_mcp23017_fw_setPortBA
                0x000049fe       0x14 df4iah_fw_twi_mcp23017.o
                0x000049fe                twi_mcp23017_fw_setPortBA
 .text.twi_mcp23017_fw_readPortA
                0x00004a12        0x8 df4iah_fw_twi_mcp23017.o
                0x00004a12                twi_mcp23017_fw_readPortA
 .text.twi_mcp23017_av1624_fw_waitUntilReady
                0x00004a1a       0x58 df4iah_fw_twi_mcp23017_av1624.o
                0x00004a1a                twi_mcp23017_av1624_fw_waitUntilReady
 .text.twi_mcp23017_av1624_fw_init
                0x00004a72      0x116 df4iah_fw_twi_mcp23017_av1624.o
                0x00004a72                twi_mcp23017_av1624_fw_init
 .text.twi_mcp23017_av1624_fw_close
                0x00004b88       0x56 df4iah_fw_twi_mcp23017_av1624.o
                0x00004b88                twi_mcp23017_av1624_fw_close
 .text.twi_mcp23017_av1624_fw_gotoPosition
                0x00004bde       0x5c df4iah_fw_twi_mcp23017_av1624.o
                0x00004bde                twi_mcp23017_av1624_fw_gotoPosition
 .text.twi_mcp23017_av1624_fw_writeString
                0x00004c3a       0x94 df4iah_fw_twi_mcp23017_av1624.o
                0x00004c3a                twi_mcp23017_av1624_fw_writeString
 .text.usb_fw_sendInInterrupt
                0x00004cce       0x14 df4iah_fw_usb.o
                0x00004cce                usb_fw_sendInInterrupt
 .text.usb_fw_init
                0x00004ce2       0x28 df4iah_fw_usb.o
                0x00004ce2                usb_fw_init
 .text.usb_fw_close
                0x00004d0a        0x8 df4iah_fw_usb.o
                0x00004d0a                usb_fw_close
 .text.usbFunctionSetup
                0x00004d12       0x72 df4iah_fw_usb.o
                0x00004d12                usbFunctionSetup
 .text.usbFunctionRead
                0x00004d84      0x10a df4iah_fw_usb.o
                0x00004d84                usbFunctionRead
 .text.usbFunctionWrite
                0x00004e8e       0xa4 df4iah_fw_usb.o
                0x00004e8e                usbFunctionWrite
 .text.usbSetInterrupt
                0x00004f32       0x4c usbdrv_fw/usbdrv.o
                0x00004f32                usbSetInterrupt
 .text.usbPoll  0x00004f7e      0x29c usbdrv_fw/usbdrv.o
                0x00004f7e                usbPoll
 .text.usbInit  0x0000521a       0x1a usbdrv_fw/usbdrv.o
                0x0000521a                usbInit
 .text.avr-libc
                0x00005234      0x6f8 c:/program files (x86)/atmel/studio/7.0/toolchain/avr8/avr8-gnu-toolchain/bin/../lib/gcc/avr/4.9.2/../../../../avr/lib/avr5\libprintf_flt.a(vfprintf_flt.o)
                0x00005234                vfprintf
 .text.avr-libc
                0x0000592c      0x7ee c:/program files (x86)/atmel/studio/7.0/toolchain/avr8/avr8-gnu-toolchain/bin/../lib/gcc/avr/4.9.2/../../../../avr/lib/avr5\libscanf_flt.a(vfscanf_flt.o)
                0x00005eb6                vfscanf
 .text.libgcc.div
                0x0000611a       0x18 c:/program files (x86)/atmel/studio/7.0/toolchain/avr8/avr8-gnu-toolchain/bin/../lib/gcc/avr/4.9.2/avr5\libgcc.a(_udivmodqi4.o)
                0x0000611a                __udivmodqi4
 .text.libgcc.div
                0x00006132       0x28 c:/program files (x86)/atmel/studio/7.0/toolchain/avr8/avr8-gnu-toolchain/bin/../lib/gcc/avr/4.9.2/avr5\libgcc.a(_udivmodhi4.o)
                0x00006132                __udivmodhi4
 .text.libgcc.div
                0x0000615a       0x44 c:/program files (x86)/atmel/studio/7.0/toolchain/avr8/avr8-gnu-toolchain/bin/../lib/gcc/avr/4.9.2/avr5\libgcc.a(_udivmodsi4.o)
                0x0000615a                __udivmodsi4
 .text.libgcc.div
                0x0000619e       0x2e c:/program files (x86)/atmel/studio/7.0/toolchain/avr8/avr8-gnu-toolchain/bin/../lib/gcc/avr/4.9.2/avr5\libgcc.a(_divmodsi4.o)
                0x0000619e                __divmodsi4
 .text.libgcc.div
                0x000061cc       0x10 c:/program files (x86)/atmel/studio/7.0/toolchain/avr8/avr8-gnu-toolchain/bin/../lib/gcc/avr/4.9.2/avr5\libgcc.a(_negsi2.o)
                0x000061cc                __negsi2
 .text.libgcc   0x000061dc        0xc c:/program files (x86)/atmel/studio/7.0/toolchain/avr8/avr8-gnu-toolchain/bin/../lib/gcc/avr/4.9.2/avr5\libgcc.a(_tablejump2.o)
                0x000061dc                __tablejump2__
 .text.libgcc.mul
                0x000061e8       0x16 c:/program files (x86)/atmel/studio/7.0/toolchain/avr8/avr8-gnu-toolchain/bin/../lib/gcc/avr/4.9.2/avr5\libgcc.a(_muluhisi3.o)
                0x000061e8                __muluhisi3
 .text.libgcc.prologue
                0x000061fe       0x38 c:/program files (x86)/atmel/studio/7.0/toolchain/avr8/avr8-gnu-toolchain/bin/../lib/gcc/avr/4.9.2/avr5\libgcc.a(_prologue.o)
                0x000061fe                __prologue_saves__
 .text.libgcc.prologue
                0x00006236       0x36 c:/program files (x86)/atmel/studio/7.0/toolchain/avr8/avr8-gnu-toolchain/bin/../lib/gcc/avr/4.9.2/avr5\libgcc.a(_epilogue.o)
                0x00006236                __epilogue_restores__
 .text.libgcc.mul
                0x0000626c       0x1e c:/program files (x86)/atmel/studio/7.0/toolchain/avr8/avr8-gnu-toolchain/bin/../lib/gcc/avr/4.9.2/avr5\libgcc.a(_umulhisi3.o)
                0x0000626c                __umulhisi3
 .text.avr-libc.fplib
                0x0000628a        0xe c:/program files (x86)/atmel/studio/7.0/toolchain/avr8/avr8-gnu-toolchain/bin/../lib/gcc/avr/4.9.2/../../../../avr/lib/avr5\libm.a(addsf3.o)
                0x0000628a                __subsf3
                0x0000628c                __addsf3
 .text.avr-libc.fplib
                0x00006298       0xcc c:/program files (x86)/atmel/studio/7.0/toolchain/avr8/avr8-gnu-toolchain/bin/../lib/gcc/avr/4.9.2/../../../../avr/lib/avr5\libm.a(addsf3x.o)
                0x000062ba                __addsf3x
 .text.avr-libc.fplib
                0x00006364        0xa c:/program files (x86)/atmel/studio/7.0/toolchain/avr8/avr8-gnu-toolchain/bin/../lib/gcc/avr/4.9.2/../../../../avr/lib/avr5\libm.a(cmpsf2.o)
                0x00006364                __nesf2
                0x00006364                __eqsf2
                0x00006364                __cmpsf2
                0x00006364                __ltsf2
                0x00006364                __lesf2
 .text.avr-libc.fplib
                0x0000636e        0x8 c:/program files (x86)/atmel/studio/7.0/toolchain/avr8/avr8-gnu-toolchain/bin/../lib/gcc/avr/4.9.2/../../../../avr/lib/avr5\libm.a(divsf3.o)
                0x0000636e                __divsf3
 .text.avr-libc.fplib
                0x00006376       0xdc c:/program files (x86)/atmel/studio/7.0/toolchain/avr8/avr8-gnu-toolchain/bin/../lib/gcc/avr/4.9.2/../../../../avr/lib/avr5\libm.a(divsf3x.o)
                0x00006396                __divsf3x
                0x0000639c                __divsf3_pse
 .text.avr-libc.fplib
                0x00006452       0x5e c:/program files (x86)/atmel/studio/7.0/toolchain/avr8/avr8-gnu-toolchain/bin/../lib/gcc/avr/4.9.2/../../../../avr/lib/avr5\libm.a(fixunssfsi.o)
                0x00006452                __fixunssfsi
 .text.avr-libc.fplib
                0x000064b0       0x7a c:/program files (x86)/atmel/studio/7.0/toolchain/avr8/avr8-gnu-toolchain/bin/../lib/gcc/avr/4.9.2/../../../../avr/lib/avr5\libm.a(floatsisf.o)
                0x000064b0                __floatunsisf
                0x000064b4                __floatsisf
 .text.avr-libc.fplib
                0x0000652a       0x2e c:/program files (x86)/atmel/studio/7.0/toolchain/avr8/avr8-gnu-toolchain/bin/../lib/gcc/avr/4.9.2/../../../../avr/lib/avr5\libm.a(floor.o)
                0x0000652a                floor
 .text.avr-libc.fplib
                0x00006558       0x48 c:/program files (x86)/atmel/studio/7.0/toolchain/avr8/avr8-gnu-toolchain/bin/../lib/gcc/avr/4.9.2/../../../../avr/lib/avr5\libm.a(fp_cmp.o)
                0x00006558                __fp_cmp
 .text.avr-libc.fplib
                0x000065a0        0xc c:/program files (x86)/atmel/studio/7.0/toolchain/avr8/avr8-gnu-toolchain/bin/../lib/gcc/avr/4.9.2/../../../../avr/lib/avr5\libm.a(fp_inf.o)
                0x000065a0                __fp_inf
 .text.avr-libc.fplib
                0x000065ac       0x36 c:/program files (x86)/atmel/studio/7.0/toolchain/avr8/avr8-gnu-toolchain/bin/../lib/gcc/avr/4.9.2/../../../../avr/lib/avr5\libm.a(fp_mintl.o)
                0x000065ac                __fp_mintl
 .text.avr-libc.fplib
                0x000065e2       0x1c c:/program files (x86)/atmel/studio/7.0/toolchain/avr8/avr8-gnu-toolchain/bin/../lib/gcc/avr/4.9.2/../../../../avr/lib/avr5\libm.a(fp_mpack.o)
                0x000065e2                __fp_mpack
                0x000065e6                __fp_mpack_finite
 .text.avr-libc.fplib
                0x000065fe        0x6 c:/program files (x86)/atmel/studio/7.0/toolchain/avr8/avr8-gnu-toolchain/bin/../lib/gcc/avr/4.9.2/../../../../avr/lib/avr5\libm.a(fp_nan.o)
                0x000065fe                __fp_nan
 .text.avr-libc.fplib
                0x00006604        0xe c:/program files (x86)/atmel/studio/7.0/toolchain/avr8/avr8-gnu-toolchain/bin/../lib/gcc/avr/4.9.2/../../../../avr/lib/avr5\libm.a(fp_pscA.o)
                0x00006604                __fp_pscA
 .text.avr-libc.fplib
                0x00006612        0xe c:/program files (x86)/atmel/studio/7.0/toolchain/avr8/avr8-gnu-toolchain/bin/../lib/gcc/avr/4.9.2/../../../../avr/lib/avr5\libm.a(fp_pscB.o)
                0x00006612                __fp_pscB
 .text.avr-libc.fplib
                0x00006620       0x22 c:/program files (x86)/atmel/studio/7.0/toolchain/avr8/avr8-gnu-toolchain/bin/../lib/gcc/avr/4.9.2/../../../../avr/lib/avr5\libm.a(fp_round.o)
                0x00006620                __fp_round
 .text.avr-libc.fplib
                0x00006642       0x44 c:/program files (x86)/atmel/studio/7.0/toolchain/avr8/avr8-gnu-toolchain/bin/../lib/gcc/avr/4.9.2/../../../../avr/lib/avr5\libm.a(fp_split3.o)
                0x00006642                __fp_split3
                0x00006652                __fp_splitA
 .text.avr-libc.fplib
                0x00006686       0x30 c:/program files (x86)/atmel/studio/7.0/toolchain/avr8/avr8-gnu-toolchain/bin/../lib/gcc/avr/4.9.2/../../../../avr/lib/avr5\libm.a(fp_trunc.o)
                0x00006686                __fp_trunc
 .text.avr-libc.fplib
                0x000066b6        0xe c:/program files (x86)/atmel/studio/7.0/toolchain/avr8/avr8-gnu-toolchain/bin/../lib/gcc/avr/4.9.2/../../../../avr/lib/avr5\libm.a(fp_zero.o)
                0x000066b6                __fp_zero
                0x000066b8                __fp_szero
 .text.avr-libc.fplib
                0x000066c4        0xa c:/program files (x86)/atmel/studio/7.0/toolchain/avr8/avr8-gnu-toolchain/bin/../lib/gcc/avr/4.9.2/../../../../avr/lib/avr5\libm.a(gesf2.o)
                0x000066c4                __gesf2
                0x000066c4                __gtsf2
 .text.avr-libc.fplib
                0x000066ce        0x8 c:/program files (x86)/atmel/studio/7.0/toolchain/avr8/avr8-gnu-toolchain/bin/../lib/gcc/avr/4.9.2/../../../../avr/lib/avr5\libm.a(mulsf3.o)
                0x000066ce                __mulsf3
 .text.avr-libc.fplib
                0x000066d6       0xd2 c:/program files (x86)/atmel/studio/7.0/toolchain/avr8/avr8-gnu-toolchain/bin/../lib/gcc/avr/4.9.2/../../../../avr/lib/avr5\libm.a(mulsf3x.o)
                0x000066f4                __mulsf3x
                0x000066fa                __mulsf3_pse
 .text.avr-libc.fplib
                0x000067a8       0xa0 c:/program files (x86)/atmel/studio/7.0/toolchain/avr8/avr8-gnu-toolchain/bin/../lib/gcc/avr/4.9.2/../../../../avr/lib/avr5\libm.a(pow.o)
                0x000067a8                pow
 .text.avr-libc.fplib
                0x00006848       0x74 c:/program files (x86)/atmel/studio/7.0/toolchain/avr8/avr8-gnu-toolchain/bin/../lib/gcc/avr/4.9.2/../../../../avr/lib/avr5\libm.a(exp.o)
                0x00006858                exp
 .text.avr-libc.fplib
                0x000068bc       0x4e c:/program files (x86)/atmel/studio/7.0/toolchain/avr8/avr8-gnu-toolchain/bin/../lib/gcc/avr/4.9.2/../../../../avr/lib/avr5\libm.a(fp_powser.o)
                0x000068bc                __fp_powser
 .text.avr-libc.fplib
                0x0000690a       0x10 c:/program files (x86)/atmel/studio/7.0/toolchain/avr8/avr8-gnu-toolchain/bin/../lib/gcc/avr/4.9.2/../../../../avr/lib/avr5\libm.a(inverse.o)
                0x0000690a                inverse
 .text.avr-libc.fplib
                0x0000691a       0x74 c:/program files (x86)/atmel/studio/7.0/toolchain/avr8/avr8-gnu-toolchain/bin/../lib/gcc/avr/4.9.2/../../../../avr/lib/avr5\libm.a(ldexp.o)
                0x00006922                ldexp
 .text.avr-libc.fplib
                0x0000698e       0xa0 c:/program files (x86)/atmel/studio/7.0/toolchain/avr8/avr8-gnu-toolchain/bin/../lib/gcc/avr/4.9.2/../../../../avr/lib/avr5\libm.a(log.o)
                0x0000699e                log
 .text.avr-libc.fplib
                0x00006a2e       0x68 c:/program files (x86)/atmel/studio/7.0/toolchain/avr8/avr8-gnu-toolchain/bin/../lib/gcc/avr/4.9.2/../../../../avr/lib/avr5\libm.a(modf.o)
                0x00006a2e                modf
                0x00006a2e                modff
 .text.avr-libc
                0x00006a96      0x1b0 c:/program files (x86)/atmel/studio/7.0/toolchain/avr8/avr8-gnu-toolchain/bin/../lib/gcc/avr/4.9.2/../../../../avr/lib/avr5\libc.a(ftoa_engine.o)
                0x00006a96                __ftoa_engine
 .text.avr-libc
                0x00006c46       0x12 c:/program files (x86)/atmel/studio/7.0/toolchain/avr8/avr8-gnu-toolchain/bin/../lib/gcc/avr/4.9.2/../../../../avr/lib/avr5\libc.a(isspace.o)
                0x00006c46                isspace
 .text.avr-libc
                0x00006c58       0x10 c:/program files (x86)/atmel/studio/7.0/toolchain/avr8/avr8-gnu-toolchain/bin/../lib/gcc/avr/4.9.2/../../../../avr/lib/avr5\libc.a(tolower.o)
                0x00006c58                tolower
 .text.avr-libc
                0x00006c68       0x16 c:/program files (x86)/atmel/studio/7.0/toolchain/avr8/avr8-gnu-toolchain/bin/../lib/gcc/avr/4.9.2/../../../../avr/lib/avr5\libc.a(strchr_P.o)
                0x00006c68                strchr_P
 .text.avr-libc
                0x00006c7e       0x16 c:/program files (x86)/atmel/studio/7.0/toolchain/avr8/avr8-gnu-toolchain/bin/../lib/gcc/avr/4.9.2/../../../../avr/lib/avr5\libc.a(strnlen_P.o)
                0x00006c7e                strnlen_P
 .text.avr-libc
                0x00006c94       0x1a c:/program files (x86)/atmel/studio/7.0/toolchain/avr8/avr8-gnu-toolchain/bin/../lib/gcc/avr/4.9.2/../../../../avr/lib/avr5\libc.a(memcmp.o)
                0x00006c94                memcmp
 .text.avr-libc
                0x00006cae       0x12 c:/program files (x86)/atmel/studio/7.0/toolchain/avr8/avr8-gnu-toolchain/bin/../lib/gcc/avr/4.9.2/../../../../avr/lib/avr5\libc.a(memcpy.o)
                0x00006cae                memcpy
 .text.avr-libc
                0x00006cc0       0x1c c:/program files (x86)/atmel/studio/7.0/toolchain/avr8/avr8-gnu-toolchain/bin/../lib/gcc/avr/4.9.2/../../../../avr/lib/avr5\libc.a(strncmp.o)
                0x00006cc0                strncmp
 .text.avr-libc
                0x00006cdc       0x16 c:/program files (x86)/atmel/studio/7.0/toolchain/avr8/avr8-gnu-toolchain/bin/../lib/gcc/avr/4.9.2/../../../../avr/lib/avr5\libc.a(strnlen.o)
                0x00006cdc                strnlen
 .text.avr-libc
                0x00006cf2       0x7c c:/program files (x86)/atmel/studio/7.0/toolchain/avr8/avr8-gnu-toolchain/bin/../lib/gcc/avr/4.9.2/../../../../avr/lib/avr5\libc.a(fgetc.o)
                0x00006cf2                fgetc
 .text.avr-libc
                0x00006d6e       0x70 c:/program files (x86)/atmel/studio/7.0/toolchain/avr8/avr8-gnu-toolchain/bin/../lib/gcc/avr/4.9.2/../../../../avr/lib/avr5\libc.a(fputc.o)
                0x00006d6e                fputc
 .text.avr-libc
                0x00006dde       0x60 c:/program files (x86)/atmel/studio/7.0/toolchain/avr8/avr8-gnu-toolchain/bin/../lib/gcc/avr/4.9.2/../../../../avr/lib/avr5\libc.a(snprintf.o)
                0x00006dde                snprintf
 .text.avr-libc
                0x00006e3e       0x46 c:/program files (x86)/atmel/studio/7.0/toolchain/avr8/avr8-gnu-toolchain/bin/../lib/gcc/avr/4.9.2/../../../../avr/lib/avr5\libc.a(sprintf.o)
                0x00006e3e                sprintf
 .text.avr-libc
                0x00006e84       0x32 c:/program files (x86)/atmel/studio/7.0/toolchain/avr8/avr8-gnu-toolchain/bin/../lib/gcc/avr/4.9.2/../../../../avr/lib/avr5\libc.a(sscanf.o)
                0x00006e84                sscanf
 .text.avr-libc
                0x00006eb6       0x32 c:/program files (x86)/atmel/studio/7.0/toolchain/avr8/avr8-gnu-toolchain/bin/../lib/gcc/avr/4.9.2/../../../../avr/lib/avr5\libc.a(ungetc.o)
                0x00006eb6                ungetc
 .text.avr-libc
                0x00006ee8       0xbc c:/program files (x86)/atmel/studio/7.0/toolchain/avr8/avr8-gnu-toolchain/bin/../lib/gcc/avr/4.9.2/../../../../avr/lib/avr5\libc.a(ultoa_invert.o)
                0x00006ee8                __ultoa_invert
 .text.avr-libc
                0x00006fa4        0x6 c:/program files (x86)/atmel/studio/7.0/toolchain/avr8/avr8-gnu-toolchain/bin/../lib/gcc/avr/4.9.2/../../../../avr/lib/avr5\libc.a(cty_isfalse.o)
                0x00006fa4                __ctype_isfalse
                0x00006fa8                __ctype_istrue
 .text.avr-libc
                0x00006faa       0x10 C:/Program Files (x86)/Atmel/Studio/7.0/Packs/atmel/ATmega_DFP/1.1.130/gcc/dev/atmega328p/avr5\libatmega328p.a(eerd_byte.o)
                0x00006faa                eeprom_read_byte
 .text.avr-libc
                0x00006fba       0x1c C:/Program Files (x86)/Atmel/Studio/7.0/Packs/atmel/ATmega_DFP/1.1.130/gcc/dev/atmega328p/avr5\libatmega328p.a(eewr_byte.o)
                0x00006fba                eeprom_write_byte
                0x00006fbc                eeprom_write_r18
                0x00006fd6                . = ALIGN (0x2)
 *(.fini9)
 .fini9         0x00006fd6        0x0 c:/program files (x86)/atmel/studio/7.0/toolchain/avr8/avr8-gnu-toolchain/bin/../lib/gcc/avr/4.9.2/avr5\libgcc.a(_exit.o)
                0x00006fd6                _exit
                0x00006fd6                exit
 *(.fini9)
 *(.fini8)
 *(.fini8)
 *(.fini7)
 *(.fini7)
 *(.fini6)
 *(.fini6)
 *(.fini5)
 *(.fini5)
 *(.fini4)
 *(.fini4)
 *(.fini3)
 *(.fini3)
 *(.fini2)
 *(.fini2)
 *(.fini1)
 *(.fini1)
 *(.fini0)
 .fini0         0x00006fd6        0x4 c:/program files (x86)/atmel/studio/7.0/toolchain/avr8/avr8-gnu-toolchain/bin/../lib/gcc/avr/4.9.2/avr5\libgcc.a(_exit.o)
 *(.fini0)
                0x00006fda                _etext = .

.data           0x00800100       0x14 load address 0x00006fda
                0x00800100                PROVIDE (__data_start, .)
 *(.data)
 *(.data*)
 .data.main_bf  0x00800100        0x2 df4iah_fw_main.o
                0x00800100                main_bf
 .data.mainGpsInitVal
                0x00800102        0x1 df4iah_fw_main.o
                0x00800102                mainGpsInitVal
 .data.mainSCMungwallAddr
                0x00800103        0x2 df4iah_fw_main.o
                0x00800103                mainSCMungwallAddr
 .data.mainSCStackAddr
                0x00800105        0x2 df4iah_fw_main.o
                0x00800105                mainSCStackAddr
 .data.bufferInt.2300
                0x00800107        0x5 df4iah_fw_usb.o
 .data.usbMsgLen
                0x0080010c        0x1 usbdrv_fw/usbdrv.o
 .data.usbTxLen
                0x0080010d        0x1 usbdrv_fw/usbdrv.o
                0x0080010d                usbTxLen
 *(.rodata)
 *(.rodata*)
 .rodata.str1.1
                0x0080010e        0x6 df4iah_fw_main.o
 *(.gnu.linkonce.d*)
                0x00800114                . = ALIGN (0x2)
                0x00800114                _edata = .
                0x00800114                PROVIDE (__data_end, .)

.bss            0x00800114      0x6ff
                0x00800114                PROVIDE (__bss_start, .)
 *(.bss)
 *(.bss*)
 .bss.phaseStepsErrorSum.2752
                0x00800114        0x4 df4iah_fw_main.o
 .bss.phaseMeanPhaseErrorSum.2751
                0x00800118        0x4 df4iah_fw_main.o
 .bss.holdOffTime.2740
                0x0080011c        0x1 df4iah_fw_main.o
 .bss.displaySubNr.2868
                0x0080011d        0x1 df4iah_fw_main.o
 .bss.displayNr.2867
                0x0080011e        0x1 df4iah_fw_main.o
 .bss.localMeanClockDiffSum.2854
                0x0080011f        0x4 df4iah_fw_main.o
 .bss.localFastCtr1ms_next.2842
                0x00800123        0x4 df4iah_fw_main.o
 .bss.localNoPpsCnt.2843
                0x00800127        0x1 df4iah_fw_main.o
 .bss.localAdcConvertNowCntrLast.2841
                0x00800128        0x1 df4iah_fw_main.o
 .bss.twiSeq2Data
                0x00800129        0x4 df4iah_fw_main.o
                0x00800129                twiSeq2Data
 .bss.twiState  0x0080012d        0x2 df4iah_fw_main.o
                0x0080012d                twiState
 .bss.usbCtxtSetupReplyBuffer
                0x0080012f        0x8 df4iah_fw_main.o
                0x0080012f                usbCtxtSetupReplyBuffer
 .bss.usbIsrCtxtBuffer
                0x00800137       0x80 df4iah_fw_main.o
                0x00800137                usbIsrCtxtBuffer
 .bss.serialCtxtTxBuffer
                0x008001b7       0x40 df4iah_fw_main.o
                0x008001b7                serialCtxtTxBuffer
 .bss.serialCtxtNmeaRxHookBuf
                0x008001f7        0x8 df4iah_fw_main.o
                0x008001f7                serialCtxtNmeaRxHookBuf
 .bss.serialCtxtRxBuffer
                0x008001ff       0x78 df4iah_fw_main.o
                0x008001ff                serialCtxtRxBuffer
 .bss.usbRingBufferRcv
                0x00800277       0x80 df4iah_fw_main.o
                0x00800277                usbRingBufferRcv
 .bss.usbRingBufferSend
                0x008002f7       0x80 df4iah_fw_main.o
                0x008002f7                usbRingBufferSend
 .bss.acAdcCh   0x00800377        0x6 df4iah_fw_main.o
                0x00800377                acAdcCh
 .bss.mainFormatBuffer
                0x0080037d       0x80 df4iah_fw_main.o
                0x0080037d                mainFormatBuffer
 .bss.mainPrepareBuffer
                0x008003fd       0x80 df4iah_fw_main.o
                0x008003fd                mainPrepareBuffer
 .bss.mainInterpreterBuffer
                0x0080047d       0x80 df4iah_fw_main.o
                0x0080047d                mainInterpreterBuffer
 .bss.twiSeq2DataIdx
                0x008004fd        0x1 df4iah_fw_main.o
                0x008004fd                twiSeq2DataIdx
 .bss.twiSeq2DataCnt
                0x008004fe        0x1 df4iah_fw_main.o
                0x008004fe                twiSeq2DataCnt
 .bss.twiSeq1Adr
                0x008004ff        0x1 df4iah_fw_main.o
                0x008004ff                twiSeq1Adr
 .bss.usbIsrCtxtBufferIdx
                0x00800500        0x1 df4iah_fw_main.o
                0x00800500                usbIsrCtxtBufferIdx
 .bss.cntSend   0x00800501        0x2 df4iah_fw_main.o
                0x00800501                cntSend
 .bss.cntRcv    0x00800503        0x2 df4iah_fw_main.o
                0x00800503                cntRcv
 .bss.usbIsUp   0x00800505        0x1 df4iah_fw_main.o
                0x00800505                usbIsUp
 .bss.serialCtxtNmeaRxHookBufIdx
                0x00800506        0x1 df4iah_fw_main.o
                0x00800506                serialCtxtNmeaRxHookBufIdx
 .bss.serialCtxtBufferState
                0x00800507        0x1 df4iah_fw_main.o
                0x00800507                serialCtxtBufferState
 .bss.serialCtxtTxBufferIdx
                0x00800508        0x1 df4iah_fw_main.o
                0x00800508                serialCtxtTxBufferIdx
 .bss.serialCtxtTxBufferLen
                0x00800509        0x1 df4iah_fw_main.o
                0x00800509                serialCtxtTxBufferLen
 .bss.serialCtxtRxBufferLen
                0x0080050a        0x1 df4iah_fw_main.o
                0x0080050a                serialCtxtRxBufferLen
 .bss.serialCoef_b03_gps_comm_mode
                0x0080050b        0x2 df4iah_fw_main.o
                0x0080050b                serialCoef_b03_gps_comm_mode
 .bss.serialCoef_b03_bitsParityStopbits
                0x0080050d        0x2 df4iah_fw_main.o
                0x0080050d                serialCoef_b03_bitsParityStopbits
 .bss.serialCoef_b03_serial_baud
                0x0080050f        0x2 df4iah_fw_main.o
                0x0080050f                serialCoef_b03_serial_baud
 .bss.usbRingBufferRcvSemaphore
                0x00800511        0x1 df4iah_fw_main.o
                0x00800511                usbRingBufferRcvSemaphore
 .bss.usbRingBufferSendSemaphore
                0x00800512        0x1 df4iah_fw_main.o
                0x00800512                usbRingBufferSendSemaphore
 .bss.usbRingBufferRcvPullIdx
                0x00800513        0x1 df4iah_fw_main.o
                0x00800513                usbRingBufferRcvPullIdx
 .bss.usbRingBufferRcvPushIdx
                0x00800514        0x1 df4iah_fw_main.o
                0x00800514                usbRingBufferRcvPushIdx
 .bss.usbRingBufferSendPullIdx
                0x00800515        0x1 df4iah_fw_main.o
                0x00800515                usbRingBufferSendPullIdx
 .bss.usbRingBufferSendPushIdx
                0x00800516        0x1 df4iah_fw_main.o
                0x00800516                usbRingBufferSendPushIdx
 .bss.acAdcConvertNowCntr
                0x00800517        0x1 df4iah_fw_main.o
                0x00800517                acAdcConvertNowCntr
 .bss.acAdcConvertNowState
                0x00800518        0x1 df4iah_fw_main.o
                0x00800518                acAdcConvertNowState
 .bss.fastPwmSingleDiffSum
                0x00800519        0x4 df4iah_fw_main.o
                0x00800519                fastPwmSingleDiffSum
 .bss.fastPwmSubCnt
                0x0080051d        0x1 df4iah_fw_main.o
                0x0080051d                fastPwmSubCnt
 .bss.fastPwmSubCmp
                0x0080051e        0x1 df4iah_fw_main.o
                0x0080051e                fastPwmSubCmp
 .bss.fastPwmSubSingleVal
                0x0080051f        0x1 df4iah_fw_main.o
                0x0080051f                fastPwmSubSingleVal
 .bss.fastPwmSingleVal
                0x00800520        0x1 df4iah_fw_main.o
                0x00800520                fastPwmSingleVal
 .bss.fastPwmSingleLoad
                0x00800521        0x1 df4iah_fw_main.o
                0x00800521                fastPwmSingleLoad
 .bss.fastPwmSubLoopVal
                0x00800522        0x1 df4iah_fw_main.o
                0x00800522                fastPwmSubLoopVal
 .bss.fastPwmLoopVal
                0x00800523        0x1 df4iah_fw_main.o
                0x00800523                fastPwmLoopVal
 .bss.fastCtr1ms
                0x00800524        0x4 df4iah_fw_main.o
                0x00800524                fastCtr1ms
 .bss.fastStampCtr1ms
                0x00800528        0x4 df4iah_fw_main.o
                0x00800528                fastStampCtr1ms
 .bss.fastStampTCNT1
                0x0080052c        0x2 df4iah_fw_main.o
                0x0080052c                fastStampTCNT1
 .bss.pullCoef_b02_pwm_initial_sub
                0x0080052e        0x1 df4iah_fw_main.o
                0x0080052e                pullCoef_b02_pwm_initial_sub
 .bss.pullCoef_b02_pwm_initial
                0x0080052f        0x1 df4iah_fw_main.o
                0x0080052f                pullCoef_b02_pwm_initial
 .bss.main_checksum
                0x00800530        0x2 df4iah_fw_main.o
                0x00800530                main_checksum
 .bss.main_nmeaAltitudeM
                0x00800532        0x4 df4iah_fw_main.o
                0x00800532                main_nmeaAltitudeM
 .bss.main_nmeaPosLonSign
                0x00800536        0x1 df4iah_fw_main.o
                0x00800536                main_nmeaPosLonSign
 .bss.main_nmeaPosLon
                0x00800537        0x4 df4iah_fw_main.o
                0x00800537                main_nmeaPosLon
 .bss.main_nmeaPosLatSign
                0x0080053b        0x1 df4iah_fw_main.o
                0x0080053b                main_nmeaPosLatSign
 .bss.main_nmeaPosLat
                0x0080053c        0x4 df4iah_fw_main.o
                0x0080053c                main_nmeaPosLat
 .bss.main_nmeaTimeUtcMilsec
                0x00800540        0x2 df4iah_fw_main.o
                0x00800540                main_nmeaTimeUtcMilsec
 .bss.main_nmeaTimeUtcInt
                0x00800542        0x4 df4iah_fw_main.o
                0x00800542                main_nmeaTimeUtcInt
 .bss.main_nmeaDate
                0x00800546        0x4 df4iah_fw_main.o
                0x00800546                main_nmeaDate
 .bss.main_nmeaVdop
                0x0080054a        0x4 df4iah_fw_main.o
                0x0080054a                main_nmeaVdop
 .bss.main_nmeaHdop
                0x0080054e        0x4 df4iah_fw_main.o
                0x0080054e                main_nmeaHdop
 .bss.main_nmeaPdop
                0x00800552        0x4 df4iah_fw_main.o
                0x00800552                main_nmeaPdop
 .bss.main_nmeaSatsUsed
                0x00800556        0x2 df4iah_fw_main.o
                0x00800556                main_nmeaSatsUsed
 .bss.main_nmeaSatsEphemerisGlonass
                0x00800558        0x2 df4iah_fw_main.o
                0x00800558                main_nmeaSatsEphemerisGlonass
 .bss.main_nmeaSatsEphemerisGpsGalileoQzss
                0x0080055a        0x2 df4iah_fw_main.o
                0x0080055a                main_nmeaSatsEphemerisGpsGalileoQzss
 .bss.main_nmeaPosFixIndicator
                0x0080055c        0x2 df4iah_fw_main.o
                0x0080055c                main_nmeaPosFixIndicator
 .bss.main_nmeaMode2
                0x0080055e        0x2 df4iah_fw_main.o
                0x0080055e                main_nmeaMode2
 .bss.mainAdcTemp
                0x00800560        0x4 df4iah_fw_main.o
                0x00800560                mainAdcTemp
 .bss.mainAdcPhaseVolts
                0x00800564        0x4 df4iah_fw_main.o
                0x00800564                mainAdcPhaseVolts
 .bss.mainAdcPullVolts
                0x00800568        0x4 df4iah_fw_main.o
                0x00800568                mainAdcPullVolts
 .bss.mainPpm   0x0080056c        0x4 df4iah_fw_main.o
                0x0080056c                mainPpm
 .bss.ppsStampICR1_last
                0x00800570        0x2 df4iah_fw_main.o
                0x00800570                ppsStampICR1_last
 .bss.ppsStampCtr1ms_last
                0x00800572        0x4 df4iah_fw_main.o
                0x00800572                ppsStampCtr1ms_last
 .bss.ppsStampICR1
                0x00800576        0x2 df4iah_fw_main.o
                0x00800576                ppsStampICR1
 .bss.ppsStampCtr1ms
                0x00800578        0x4 df4iah_fw_main.o
                0x00800578                ppsStampCtr1ms
 .bss.usbTxStatus1
                0x0080057c        0xc df4iah_fw_main.o
                0x0080057c                usbTxStatus1
 .bss.mainPwmTerminalAdj
                0x00800588        0x4 df4iah_fw_main.o
                0x00800588                mainPwmTerminalAdj
 .bss.mainRefClkState
                0x0080058c        0x1 df4iah_fw_main.o
                0x0080058c                mainRefClkState
 .bss.mainCoef_b02_pwm_maxV_V
                0x0080058d        0x4 df4iah_fw_main.o
                0x0080058d                mainCoef_b02_pwm_maxV_V
 .bss.mainCoef_b02_pwm_minV_V
                0x00800591        0x4 df4iah_fw_main.o
                0x00800591                mainCoef_b02_pwm_minV_V
 .bss.mainCoef_b02_qrg_k_pPwmStep_25C_ppm
                0x00800595        0x4 df4iah_fw_main.o
                0x00800595                mainCoef_b02_qrg_k_pPwmStep_25C_ppm
 .bss.mainCoef_b02_qrg_ofs_maxV_25C_ppm
                0x00800599        0x4 df4iah_fw_main.o
                0x00800599                mainCoef_b02_qrg_ofs_maxV_25C_ppm
 .bss.mainCoef_b02_qrg_ofs_minV_25C_ppm
                0x0080059d        0x4 df4iah_fw_main.o
                0x0080059d                mainCoef_b02_qrg_ofs_minV_25C_ppm
 .bss.mainCoef_b01_temp_k_p1step_adc_K
                0x008005a1        0x4 df4iah_fw_main.o
                0x008005a1                mainCoef_b01_temp_k_p1step_adc_K
 .bss.mainCoef_b01_temp_ofs_adc_25C_steps
                0x008005a5        0x4 df4iah_fw_main.o
                0x008005a5                mainCoef_b01_temp_ofs_adc_25C_steps
 .bss.mainCoef_b01_ref_1V1_V
                0x008005a9        0x4 df4iah_fw_main.o
                0x008005a9                mainCoef_b01_ref_1V1_V
 .bss.mainCoef_b01_ref_AREF_V
                0x008005ad        0x4 df4iah_fw_main.o
                0x008005ad                mainCoef_b01_ref_AREF_V
 .bss.mainCoef_b00_dev_version
                0x008005b1        0x2 df4iah_fw_main.o
                0x008005b1                mainCoef_b00_dev_version
 .bss.mainCoef_b00_dev_serial
                0x008005b3        0x2 df4iah_fw_main.o
                0x008005b3                mainCoef_b00_dev_serial
 .bss.mainCoef_b00_dev_header
                0x008005b5       0x11 df4iah_fw_main.o
                0x008005b5                mainCoef_b00_dev_header
 .bss.doTestCntr
                0x008005c6        0x2 df4iah_fw_usb.o
 .bss.usbMsgFlags
                0x008005c8        0x1 usbdrv_fw/usbdrv.o
 *(COMMON)
 COMMON         0x008005c9      0x220 df4iah_fw_main.o
                0x008005c9                stackCheckMungWall
 COMMON         0x008007e9       0x2a usbdrv_fw/usbdrv.o
                0x008007e9                usbTxBuf
                0x008007f4                usbDeviceAddr
                0x008007f5                usbRxToken
                0x008007f6                usbInputBufOffset
                0x008007f7                usbMsgPtr
                0x008007f9                usbRxLen
                0x008007fa                usbNewDeviceAddr
                0x008007fb                usbCurrentTok
                0x008007fc                usbConfiguration
                0x008007fd                usbRxBuf
                0x00800813                PROVIDE (__bss_end, .)
                0x00006fda                __data_load_start = LOADADDR (.data)
                0x00006fee                __data_load_end = (__data_load_start + SIZEOF (.data))

.noinit         0x00800813        0x0
                [!provide]                PROVIDE (__noinit_start, .)
 *(.noinit*)
                [!provide]                PROVIDE (__noinit_end, .)
                0x00800813                _end = .
                [!provide]                PROVIDE (__heap_start, .)

.eeprom         0x00810000      0x400
 *(.eeprom*)
 .eeprom        0x00810000      0x400 df4iah_fw_memory.o
                0x00810000                eeprom_content
                0x00810400                __eeprom_end = .

.fuse
 *(.fuse)
 *(.lfuse)
 *(.hfuse)
 *(.efuse)

.lock
 *(.lock*)

.signature
 *(.signature*)

.user_signatures
 *(.user_signatures*)

.stab
 *(.stab)

.stabstr
 *(.stabstr)

.stab.excl
 *(.stab.excl)

.stab.exclstr
 *(.stab.exclstr)

.stab.index
 *(.stab.index)

.stab.indexstr
 *(.stab.indexstr)

.comment        0x00000000       0x5c
 *(.comment)
 .comment       0x00000000       0x30 df4iah_bl_memory.o
                                 0x31 (size before relaxing)
 .comment       0x00000030       0x31 df4iah_fw_anlgComp.o
 .comment       0x00000030       0x31 df4iah_fw_clkFastCtr.o
 .comment       0x00000030       0x31 df4iah_fw_clkPullPwm.o
 .comment       0x00000030       0x31 df4iah_fw_main.o
 .comment       0x00000030       0x31 df4iah_fw_memory.o
 .comment       0x00000030       0x31 df4iah_fw_ringbuffer.o
 .comment       0x00000030       0x31 df4iah_fw_serial.o
 .comment       0x00000030       0x31 df4iah_fw_twi.o
 .comment       0x00000030       0x31 df4iah_fw_twi_mcp23017.o
 .comment       0x00000030       0x31 df4iah_fw_twi_mcp23017_av1624.o
 .comment       0x00000030       0x31 df4iah_fw_usb.o
 .comment       0x00000030       0x31 usbdrv_fw/usbdrv.o
 .comment       0x00000030       0x2c c:/program files (x86)/atmel/studio/7.0/toolchain/avr8/avr8-gnu-toolchain/bin/../lib/gcc/avr/4.9.2/../../../../avr/lib/avr5\libprintf_flt.a(vfprintf_flt.o)
                                 0x2d (size before relaxing)
 .comment       0x0000005c       0x2d c:/program files (x86)/atmel/studio/7.0/toolchain/avr8/avr8-gnu-toolchain/bin/../lib/gcc/avr/4.9.2/../../../../avr/lib/avr5\libscanf_flt.a(vfscanf_flt.o)
 .comment       0x0000005c       0x31 c:/program files (x86)/atmel/studio/7.0/toolchain/avr8/avr8-gnu-toolchain/bin/../lib/gcc/avr/4.9.2/../../../../avr/lib/avr5\libc.a(fgetc.o)
 .comment       0x0000005c       0x31 c:/program files (x86)/atmel/studio/7.0/toolchain/avr8/avr8-gnu-toolchain/bin/../lib/gcc/avr/4.9.2/../../../../avr/lib/avr5\libc.a(fputc.o)
 .comment       0x0000005c       0x31 c:/program files (x86)/atmel/studio/7.0/toolchain/avr8/avr8-gnu-toolchain/bin/../lib/gcc/avr/4.9.2/../../../../avr/lib/avr5\libc.a(snprintf.o)
 .comment       0x0000005c       0x31 c:/program files (x86)/atmel/studio/7.0/toolchain/avr8/avr8-gnu-toolchain/bin/../lib/gcc/avr/4.9.2/../../../../avr/lib/avr5\libc.a(sprintf.o)
 .comment       0x0000005c       0x31 c:/program files (x86)/atmel/studio/7.0/toolchain/avr8/avr8-gnu-toolchain/bin/../lib/gcc/avr/4.9.2/../../../../avr/lib/avr5\libc.a(sscanf.o)
 .comment       0x0000005c       0x31 c:/program files (x86)/atmel/studio/7.0/toolchain/avr8/avr8-gnu-toolchain/bin/../lib/gcc/avr/4.9.2/../../../../avr/lib/avr5\libc.a(ungetc.o)

.note.gnu.avr.deviceinfo
                0x00000000       0x40
 .note.gnu.avr.deviceinfo
                0x00000000       0x40 C:/Program Files (x86)/Atmel/Studio/7.0/Packs/atmel/ATmega_DFP/1.1.130/gcc/dev/atmega328p/avr5/crtatmega328p.o

.note.gnu.build-id
 *(.note.gnu.build-id)

.debug
 *(.debug)

.line
 *(.line)

.debug_srcinfo
 *(.debug_srcinfo)

.debug_sfnames
 *(.debug_sfnames)

.debug_aranges  0x00000000       0x60
 *(.debug_aranges)
 .debug_aranges
                0x00000000       0x20 usbdrv_fw/usbdrvasm.o
 .debug_aranges
                0x00000020       0x20 C:/Program Files (x86)/Atmel/Studio/7.0/Packs/atmel/ATmega_DFP/1.1.130/gcc/dev/atmega328p/avr5\libatmega328p.a(eerd_byte.o)
 .debug_aranges
                0x00000040       0x20 C:/Program Files (x86)/Atmel/Studio/7.0/Packs/atmel/ATmega_DFP/1.1.130/gcc/dev/atmega328p/avr5\libatmega328p.a(eewr_byte.o)

.debug_pubnames
 *(.debug_pubnames)

.debug_info     0x00000000      0x7f5
 *(.debug_info .gnu.linkonce.wi.*)
 .debug_info    0x00000000      0x5f4 C:/Program Files (x86)/Atmel/Studio/7.0/Packs/atmel/ATmega_DFP/1.1.130/gcc/dev/atmega328p/avr5/crtatmega328p.o
 .debug_info    0x000005f4       0xa9 usbdrv_fw/usbdrvasm.o
 .debug_info    0x0000069d       0xac C:/Program Files (x86)/Atmel/Studio/7.0/Packs/atmel/ATmega_DFP/1.1.130/gcc/dev/atmega328p/avr5\libatmega328p.a(eerd_byte.o)
 .debug_info    0x00000749       0xac C:/Program Files (x86)/Atmel/Studio/7.0/Packs/atmel/ATmega_DFP/1.1.130/gcc/dev/atmega328p/avr5\libatmega328p.a(eewr_byte.o)

.debug_abbrev   0x00000000      0x5de
 *(.debug_abbrev)
 .debug_abbrev  0x00000000      0x5a2 C:/Program Files (x86)/Atmel/Studio/7.0/Packs/atmel/ATmega_DFP/1.1.130/gcc/dev/atmega328p/avr5/crtatmega328p.o
 .debug_abbrev  0x000005a2       0x14 usbdrv_fw/usbdrvasm.o
 .debug_abbrev  0x000005b6       0x14 C:/Program Files (x86)/Atmel/Studio/7.0/Packs/atmel/ATmega_DFP/1.1.130/gcc/dev/atmega328p/avr5\libatmega328p.a(eerd_byte.o)
 .debug_abbrev  0x000005ca       0x14 C:/Program Files (x86)/Atmel/Studio/7.0/Packs/atmel/ATmega_DFP/1.1.130/gcc/dev/atmega328p/avr5\libatmega328p.a(eewr_byte.o)

.debug_line     0x00000000      0x9a9
 *(.debug_line .debug_line.* .debug_line_end)
 .debug_line    0x00000000      0x133 C:/Program Files (x86)/Atmel/Studio/7.0/Packs/atmel/ATmega_DFP/1.1.130/gcc/dev/atmega328p/avr5/crtatmega328p.o
 .debug_line    0x00000133      0x75e usbdrv_fw/usbdrvasm.o
 .debug_line    0x00000891       0x7a C:/Program Files (x86)/Atmel/Studio/7.0/Packs/atmel/ATmega_DFP/1.1.130/gcc/dev/atmega328p/avr5\libatmega328p.a(eerd_byte.o)
 .debug_line    0x0000090b       0x9e C:/Program Files (x86)/Atmel/Studio/7.0/Packs/atmel/ATmega_DFP/1.1.130/gcc/dev/atmega328p/avr5\libatmega328p.a(eewr_byte.o)

.debug_frame
 *(.debug_frame)

.debug_str      0x00000000      0x208
 *(.debug_str)
 .debug_str     0x00000000      0x208 C:/Program Files (x86)/Atmel/Studio/7.0/Packs/atmel/ATmega_DFP/1.1.130/gcc/dev/atmega328p/avr5/crtatmega328p.o

.debug_loc
 *(.debug_loc)

.debug_macinfo
 *(.debug_macinfo)

.debug_weaknames
 *(.debug_weaknames)

.debug_funcnames
 *(.debug_funcnames)

.debug_typenames
 *(.debug_typenames)

.debug_varnames
 *(.debug_varnames)

.debug_pubtypes
 *(.debug_pubtypes)

.debug_ranges
 *(.debug_ranges)

.debug_macro
 *(.debug_macro)
OUTPUT(DF4IAH_10MHz_Reference_Appl.elf elf32-avr)
LOAD linker stubs

.df4iah_bl_memory
                0x00007900      0x2c8
 .df4iah_bl_memory
                0x00007900      0x2c8 df4iah_bl_memory.o
                0x00007900                memory_bl_eraseFlash
                0x00007928                memory_bl_readFlashPage
                0x00007994                memory_bl_readEEpromPage
                0x000079da                memory_bl_writeFlashPage
                0x00007b94                memory_bl_writeEEpromPage
